[0.216s] DEBUG:colcon:Command line arguments: ['/usr/bin/colcon', 'build']
[0.216s] DEBUG:colcon:Parsed command line arguments: Namespace(log_base=None, log_level=None, verb_name='build', build_base='build', install_base='install', merge_install=False, symlink_install=False, test_result_base=None, continue_on_error=False, executor='parallel', parallel_workers=2, event_handlers=None, ignore_user_meta=False, metas=['./colcon.meta'], base_paths=['.'], packages_ignore=None, packages_ignore_regex=None, paths=None, packages_up_to=None, packages_up_to_regex=None, packages_above=None, packages_above_and_dependencies=None, packages_above_depth=None, packages_select_by_dep=None, packages_skip_by_dep=None, packages_skip_up_to=None, packages_select_build_failed=False, packages_skip_build_finished=False, packages_select_test_failures=False, packages_skip_test_passed=False, packages_select=None, packages_skip=None, packages_select_regex=None, packages_skip_regex=None, packages_start=None, packages_end=None, allow_overriding=[], cmake_args=None, cmake_target=None, cmake_target_skip_unavailable=False, cmake_clean_cache=False, cmake_clean_first=False, cmake_force_configure=False, ament_cmake_args=None, catkin_cmake_args=None, catkin_skip_building_tests=False, verb_parser=<colcon_defaults.argument_parser.defaults.DefaultArgumentsDecorator object at 0x7c016b71f2b0>, verb_extension=<colcon_core.verb.build.BuildVerb object at 0x7c016b71ed40>, main=<bound method BuildVerb.main of <colcon_core.verb.build.BuildVerb object at 0x7c016b71ed40>>)
[0.338s] Level 1:colcon.colcon_core.package_discovery:discover_packages(colcon_meta) check parameters
[0.338s] Level 1:colcon.colcon_core.package_discovery:discover_packages(recursive) check parameters
[0.338s] Level 1:colcon.colcon_core.package_discovery:discover_packages(ignore) check parameters
[0.338s] Level 1:colcon.colcon_core.package_discovery:discover_packages(path) check parameters
[0.338s] Level 1:colcon.colcon_core.package_discovery:discover_packages(colcon_meta) discover
[0.338s] Level 1:colcon.colcon_core.package_discovery:discover_packages(recursive) discover
[0.338s] INFO:colcon.colcon_core.package_discovery:Crawling recursively for packages in '/home/ss/uvms/uvms_ws/src/uvms_hal_manipulator'
[0.339s] Level 1:colcon.colcon_core.package_identification:_identify(.) by extensions ['ignore', 'ignore_ament_install']
[0.339s] Level 1:colcon.colcon_core.package_identification:_identify(.) by extension 'ignore'
[0.339s] Level 1:colcon.colcon_core.package_identification:_identify(.) by extension 'ignore_ament_install'
[0.339s] Level 1:colcon.colcon_core.package_identification:_identify(.) by extensions ['colcon_pkg']
[0.339s] Level 1:colcon.colcon_core.package_identification:_identify(.) by extension 'colcon_pkg'
[0.339s] Level 1:colcon.colcon_core.package_identification:_identify(.) by extensions ['colcon_meta']
[0.339s] Level 1:colcon.colcon_core.package_identification:_identify(.) by extension 'colcon_meta'
[0.339s] Level 1:colcon.colcon_core.package_identification:_identify(.) by extensions ['ros']
[0.339s] Level 1:colcon.colcon_core.package_identification:_identify(.) by extension 'ros'
[0.355s] DEBUG:colcon.colcon_core.package_identification:Package '.' with type 'ros.ament_cmake' and name 'uvms_hal_manipulator'
[0.356s] Level 1:colcon.colcon_core.package_discovery:discover_packages(recursive) using defaults
[0.356s] Level 1:colcon.colcon_core.package_discovery:discover_packages(ignore) discover
[0.356s] Level 1:colcon.colcon_core.package_discovery:discover_packages(ignore) using defaults
[0.356s] Level 1:colcon.colcon_core.package_discovery:discover_packages(path) discover
[0.356s] Level 1:colcon.colcon_core.package_discovery:discover_packages(path) using defaults
[0.377s] Level 1:colcon.colcon_core.package_discovery:discover_packages(prefix_path) check parameters
[0.378s] Level 1:colcon.colcon_core.package_discovery:discover_packages(prefix_path) discover
[0.380s] DEBUG:colcon.colcon_installed_package_information.package_discovery:Found 272 installed packages in /opt/ros/humble
[0.381s] Level 1:colcon.colcon_core.package_discovery:discover_packages(prefix_path) using defaults
[0.424s] Level 5:colcon.colcon_core.verb:set package 'uvms_hal_manipulator' build argument 'cmake_args' from command line to 'None'
[0.424s] Level 5:colcon.colcon_core.verb:set package 'uvms_hal_manipulator' build argument 'cmake_target' from command line to 'None'
[0.424s] Level 5:colcon.colcon_core.verb:set package 'uvms_hal_manipulator' build argument 'cmake_target_skip_unavailable' from command line to 'False'
[0.424s] Level 5:colcon.colcon_core.verb:set package 'uvms_hal_manipulator' build argument 'cmake_clean_cache' from command line to 'False'
[0.424s] Level 5:colcon.colcon_core.verb:set package 'uvms_hal_manipulator' build argument 'cmake_clean_first' from command line to 'False'
[0.424s] Level 5:colcon.colcon_core.verb:set package 'uvms_hal_manipulator' build argument 'cmake_force_configure' from command line to 'False'
[0.424s] Level 5:colcon.colcon_core.verb:set package 'uvms_hal_manipulator' build argument 'ament_cmake_args' from command line to 'None'
[0.424s] Level 5:colcon.colcon_core.verb:set package 'uvms_hal_manipulator' build argument 'catkin_cmake_args' from command line to 'None'
[0.424s] Level 5:colcon.colcon_core.verb:set package 'uvms_hal_manipulator' build argument 'catkin_skip_building_tests' from command line to 'False'
[0.424s] DEBUG:colcon.colcon_core.verb:Building package 'uvms_hal_manipulator' with the following arguments: {'ament_cmake_args': None, 'build_base': '/home/ss/uvms/uvms_ws/src/uvms_hal_manipulator/build/uvms_hal_manipulator', 'catkin_cmake_args': None, 'catkin_skip_building_tests': False, 'cmake_args': None, 'cmake_clean_cache': False, 'cmake_clean_first': False, 'cmake_force_configure': False, 'cmake_target': None, 'cmake_target_skip_unavailable': False, 'install_base': '/home/ss/uvms/uvms_ws/src/uvms_hal_manipulator/install/uvms_hal_manipulator', 'merge_install': False, 'path': '/home/ss/uvms/uvms_ws/src/uvms_hal_manipulator', 'symlink_install': False, 'test_result_base': None}
[0.424s] INFO:colcon.colcon_core.executor:Executing jobs using 'parallel' executor
[0.425s] DEBUG:colcon.colcon_parallel_executor.executor.parallel:run_until_complete
[0.425s] INFO:colcon.colcon_ros.task.ament_cmake.build:Building ROS package in '/home/ss/uvms/uvms_ws/src/uvms_hal_manipulator' with build type 'ament_cmake'
[0.426s] INFO:colcon.colcon_cmake.task.cmake.build:Building CMake package in '/home/ss/uvms/uvms_ws/src/uvms_hal_manipulator'
[0.430s] INFO:colcon.colcon_core.plugin_system:Skipping extension 'colcon_core.shell.bat': Not used on non-Windows systems
[0.430s] INFO:colcon.colcon_core.shell:Skip shell extension 'powershell' for command environment: Not usable outside of PowerShell
[0.430s] DEBUG:colcon.colcon_core.shell:Skip shell extension 'dsv' for command environment
[0.450s] DEBUG:colcon.colcon_core.event_handler.log_command:Invoking command in '/home/ss/uvms/uvms_ws/src/uvms_hal_manipulator/build/uvms_hal_manipulator': CMAKE_PREFIX_PATH=/opt/ros/humble /usr/bin/cmake --build /home/ss/uvms/uvms_ws/src/uvms_hal_manipulator/build/uvms_hal_manipulator -- -j2 -l2
[0.535s] DEBUG:colcon.colcon_core.event_handler.log_command:Invoked command in '/home/ss/uvms/uvms_ws/src/uvms_hal_manipulator/build/uvms_hal_manipulator' returned '0': CMAKE_PREFIX_PATH=/opt/ros/humble /usr/bin/cmake --build /home/ss/uvms/uvms_ws/src/uvms_hal_manipulator/build/uvms_hal_manipulator -- -j2 -l2
[0.554s] DEBUG:colcon.colcon_core.event_handler.log_command:Invoking command in '/home/ss/uvms/uvms_ws/src/uvms_hal_manipulator/build/uvms_hal_manipulator': CMAKE_PREFIX_PATH=/opt/ros/humble /usr/bin/cmake --install /home/ss/uvms/uvms_ws/src/uvms_hal_manipulator/build/uvms_hal_manipulator
[0.580s] Level 1:colcon.colcon_core.environment:create_environment_scripts_only(uvms_hal_manipulator)
[0.581s] DEBUG:colcon.colcon_core.event_handler.log_command:Invoked command in '/home/ss/uvms/uvms_ws/src/uvms_hal_manipulator/build/uvms_hal_manipulator' returned '0': CMAKE_PREFIX_PATH=/opt/ros/humble /usr/bin/cmake --install /home/ss/uvms/uvms_ws/src/uvms_hal_manipulator/build/uvms_hal_manipulator
[0.583s] Level 1:colcon.colcon_core.environment:checking '/home/ss/uvms/uvms_ws/src/uvms_hal_manipulator/install/uvms_hal_manipulator' for CMake module files
[0.583s] Level 1:colcon.colcon_core.environment:checking '/home/ss/uvms/uvms_ws/src/uvms_hal_manipulator/install/uvms_hal_manipulator' for CMake config files
[0.583s] Level 1:colcon.colcon_core.shell:create_environment_hook('uvms_hal_manipulator', 'cmake_prefix_path')
[0.583s] INFO:colcon.colcon_core.shell:Creating environment hook '/home/ss/uvms/uvms_ws/src/uvms_hal_manipulator/install/uvms_hal_manipulator/share/uvms_hal_manipulator/hook/cmake_prefix_path.ps1'
[0.585s] INFO:colcon.colcon_core.shell:Creating environment descriptor '/home/ss/uvms/uvms_ws/src/uvms_hal_manipulator/install/uvms_hal_manipulator/share/uvms_hal_manipulator/hook/cmake_prefix_path.dsv'
[0.586s] INFO:colcon.colcon_core.shell:Creating environment hook '/home/ss/uvms/uvms_ws/src/uvms_hal_manipulator/install/uvms_hal_manipulator/share/uvms_hal_manipulator/hook/cmake_prefix_path.sh'
[0.586s] Level 1:colcon.colcon_core.environment:checking '/home/ss/uvms/uvms_ws/src/uvms_hal_manipulator/install/uvms_hal_manipulator/bin'
[0.587s] Level 1:colcon.colcon_core.environment:checking '/home/ss/uvms/uvms_ws/src/uvms_hal_manipulator/install/uvms_hal_manipulator/lib/pkgconfig/uvms_hal_manipulator.pc'
[0.587s] Level 1:colcon.colcon_core.environment:checking '/home/ss/uvms/uvms_ws/src/uvms_hal_manipulator/install/uvms_hal_manipulator/lib/python3.10/site-packages'
[0.589s] Level 1:colcon.colcon_core.environment:checking '/home/ss/uvms/uvms_ws/src/uvms_hal_manipulator/install/uvms_hal_manipulator/bin'
[0.589s] INFO:colcon.colcon_core.shell:Creating package script '/home/ss/uvms/uvms_ws/src/uvms_hal_manipulator/install/uvms_hal_manipulator/share/uvms_hal_manipulator/package.ps1'
[0.590s] INFO:colcon.colcon_core.shell:Creating package descriptor '/home/ss/uvms/uvms_ws/src/uvms_hal_manipulator/install/uvms_hal_manipulator/share/uvms_hal_manipulator/package.dsv'
[0.590s] INFO:colcon.colcon_core.shell:Creating package script '/home/ss/uvms/uvms_ws/src/uvms_hal_manipulator/install/uvms_hal_manipulator/share/uvms_hal_manipulator/package.sh'
[0.591s] INFO:colcon.colcon_core.shell:Creating package script '/home/ss/uvms/uvms_ws/src/uvms_hal_manipulator/install/uvms_hal_manipulator/share/uvms_hal_manipulator/package.bash'
[0.593s] INFO:colcon.colcon_core.shell:Creating package script '/home/ss/uvms/uvms_ws/src/uvms_hal_manipulator/install/uvms_hal_manipulator/share/uvms_hal_manipulator/package.zsh'
[0.593s] Level 1:colcon.colcon_core.environment:create_file_with_runtime_dependencies(/home/ss/uvms/uvms_ws/src/uvms_hal_manipulator/install/uvms_hal_manipulator/share/colcon-core/packages/uvms_hal_manipulator)
[0.594s] Level 1:colcon.colcon_core.environment:create_environment_scripts_only(uvms_hal_manipulator)
[0.595s] Level 1:colcon.colcon_core.environment:checking '/home/ss/uvms/uvms_ws/src/uvms_hal_manipulator/install/uvms_hal_manipulator' for CMake module files
[0.595s] Level 1:colcon.colcon_core.environment:checking '/home/ss/uvms/uvms_ws/src/uvms_hal_manipulator/install/uvms_hal_manipulator' for CMake config files
[0.595s] Level 1:colcon.colcon_core.shell:create_environment_hook('uvms_hal_manipulator', 'cmake_prefix_path')
[0.596s] INFO:colcon.colcon_core.shell:Creating environment hook '/home/ss/uvms/uvms_ws/src/uvms_hal_manipulator/install/uvms_hal_manipulator/share/uvms_hal_manipulator/hook/cmake_prefix_path.ps1'
[0.597s] INFO:colcon.colcon_core.shell:Creating environment descriptor '/home/ss/uvms/uvms_ws/src/uvms_hal_manipulator/install/uvms_hal_manipulator/share/uvms_hal_manipulator/hook/cmake_prefix_path.dsv'
[0.598s] INFO:colcon.colcon_core.shell:Creating environment hook '/home/ss/uvms/uvms_ws/src/uvms_hal_manipulator/install/uvms_hal_manipulator/share/uvms_hal_manipulator/hook/cmake_prefix_path.sh'
[0.599s] Level 1:colcon.colcon_core.environment:checking '/home/ss/uvms/uvms_ws/src/uvms_hal_manipulator/install/uvms_hal_manipulator/bin'
[0.599s] Level 1:colcon.colcon_core.environment:checking '/home/ss/uvms/uvms_ws/src/uvms_hal_manipulator/install/uvms_hal_manipulator/lib/pkgconfig/uvms_hal_manipulator.pc'
[0.599s] Level 1:colcon.colcon_core.environment:checking '/home/ss/uvms/uvms_ws/src/uvms_hal_manipulator/install/uvms_hal_manipulator/lib/python3.10/site-packages'
[0.599s] Level 1:colcon.colcon_core.environment:checking '/home/ss/uvms/uvms_ws/src/uvms_hal_manipulator/install/uvms_hal_manipulator/bin'
[0.600s] INFO:colcon.colcon_core.shell:Creating package script '/home/ss/uvms/uvms_ws/src/uvms_hal_manipulator/install/uvms_hal_manipulator/share/uvms_hal_manipulator/package.ps1'
[0.601s] INFO:colcon.colcon_core.shell:Creating package descriptor '/home/ss/uvms/uvms_ws/src/uvms_hal_manipulator/install/uvms_hal_manipulator/share/uvms_hal_manipulator/package.dsv'
[0.602s] INFO:colcon.colcon_core.shell:Creating package script '/home/ss/uvms/uvms_ws/src/uvms_hal_manipulator/install/uvms_hal_manipulator/share/uvms_hal_manipulator/package.sh'
[0.602s] INFO:colcon.colcon_core.shell:Creating package script '/home/ss/uvms/uvms_ws/src/uvms_hal_manipulator/install/uvms_hal_manipulator/share/uvms_hal_manipulator/package.bash'
[0.602s] INFO:colcon.colcon_core.shell:Creating package script '/home/ss/uvms/uvms_ws/src/uvms_hal_manipulator/install/uvms_hal_manipulator/share/uvms_hal_manipulator/package.zsh'
[0.603s] Level 1:colcon.colcon_core.environment:create_file_with_runtime_dependencies(/home/ss/uvms/uvms_ws/src/uvms_hal_manipulator/install/uvms_hal_manipulator/share/colcon-core/packages/uvms_hal_manipulator)
[0.604s] DEBUG:colcon.colcon_parallel_executor.executor.parallel:closing loop
[0.605s] DEBUG:colcon.colcon_parallel_executor.executor.parallel:loop closed
[0.605s] DEBUG:colcon.colcon_parallel_executor.executor.parallel:run_until_complete finished with '0'
[0.605s] DEBUG:colcon.colcon_core.event_reactor:joining thread
[0.610s] INFO:colcon.colcon_core.plugin_system:Skipping extension 'colcon_notification.desktop_notification.terminal_notifier': Not used on non-Darwin systems
[0.610s] INFO:colcon.colcon_core.plugin_system:Skipping extension 'colcon_notification.desktop_notification.win32': Not used on non-Windows systems
[0.610s] INFO:colcon.colcon_notification.desktop_notification:Sending desktop notification using 'notify2'
[0.701s] DEBUG:colcon.colcon_core.event_reactor:joined thread
[0.701s] INFO:colcon.colcon_core.shell:Creating prefix script '/home/ss/uvms/uvms_ws/src/uvms_hal_manipulator/install/local_setup.ps1'
[0.703s] INFO:colcon.colcon_core.shell:Creating prefix util module '/home/ss/uvms/uvms_ws/src/uvms_hal_manipulator/install/_local_setup_util_ps1.py'
[0.706s] INFO:colcon.colcon_core.shell:Creating prefix chain script '/home/ss/uvms/uvms_ws/src/uvms_hal_manipulator/install/setup.ps1'
[0.709s] INFO:colcon.colcon_core.shell:Creating prefix script '/home/ss/uvms/uvms_ws/src/uvms_hal_manipulator/install/local_setup.sh'
[0.709s] INFO:colcon.colcon_core.shell:Creating prefix util module '/home/ss/uvms/uvms_ws/src/uvms_hal_manipulator/install/_local_setup_util_sh.py'
[0.710s] INFO:colcon.colcon_core.shell:Creating prefix chain script '/home/ss/uvms/uvms_ws/src/uvms_hal_manipulator/install/setup.sh'
[0.711s] INFO:colcon.colcon_core.shell:Creating prefix script '/home/ss/uvms/uvms_ws/src/uvms_hal_manipulator/install/local_setup.bash'
[0.711s] INFO:colcon.colcon_core.shell:Creating prefix chain script '/home/ss/uvms/uvms_ws/src/uvms_hal_manipulator/install/setup.bash'
[0.714s] INFO:colcon.colcon_core.shell:Creating prefix script '/home/ss/uvms/uvms_ws/src/uvms_hal_manipulator/install/local_setup.zsh'
[0.714s] INFO:colcon.colcon_core.shell:Creating prefix chain script '/home/ss/uvms/uvms_ws/src/uvms_hal_manipulator/install/setup.zsh'
