-- The C compiler identification is GNU 11.4.0
-- The CXX compiler identification is GNU 11.4.0
-- Detecting C compiler ABI info
-- Detecting C compiler ABI info - done
-- Check for working C compiler: /usr/bin/cc - skipped
-- Detecting C compile features
-- Detecting C compile features - done
-- Detecting CXX compiler ABI info
-- Detecting CXX compiler ABI info - done
-- Check for working CXX compiler: /usr/bin/c++ - skipped
-- Detecting CXX compile features
-- Detecting CXX compile features - done
-- Found ament_cmake: 1.3.14 (/opt/ros/humble/share/ament_cmake/cmake)
-- Found Python3: /usr/bin/python3 (found version "3.10.12") found components: Interpreter 
-- Found rclcpp: 16.0.18 (/opt/ros/humble/share/rclcpp/cmake)
-- Found rosidl_generator_c: 3.1.8 (/opt/ros/humble/share/rosidl_generator_c/cmake)
-- Found rosidl_adapter: 3.1.8 (/opt/ros/humble/share/rosidl_adapter/cmake)
-- Found rosidl_generator_cpp: 3.1.8 (/opt/ros/humble/share/rosidl_generator_cpp/cmake)
-- Using all available rosidl_typesupport_c: rosidl_typesupport_fastrtps_c;rosidl_typesupport_introspection_c
-- Using all available rosidl_typesupport_cpp: rosidl_typesupport_fastrtps_cpp;rosidl_typesupport_introspection_cpp
-- Found rmw_implementation_cmake: 6.1.2 (/opt/ros/humble/share/rmw_implementation_cmake/cmake)
-- Found rmw_fastrtps_cpp: 6.2.10 (/opt/ros/humble/share/rmw_fastrtps_cpp/cmake)
-- Found OpenSSL: /usr/lib/x86_64-linux-gnu/libcrypto.so (found version "3.0.2")  
-- Found FastRTPS: /opt/ros/humble/include  
-- Using RMW implementation 'rmw_fastrtps_cpp' as default
-- Looking for pthread.h
-- Looking for pthread.h - found
-- Performing Test CMAKE_HAVE_LIBC_PTHREAD
-- Performing Test CMAKE_HAVE_LIBC_PTHREAD - Success
-- Found Threads: TRUE  
-- Found rclcpp_lifecycle: 16.0.18 (/opt/ros/humble/share/rclcpp_lifecycle/cmake)
-- Found rosidl_default_generators: 1.2.1 (/opt/ros/humble/share/rosidl_default_generators/cmake)
-- Found ament_cmake_ros: 0.10.0 (/opt/ros/humble/share/ament_cmake_ros/cmake)
-- Using all available rosidl_typesupport_c: rosidl_typesupport_fastrtps_c;rosidl_typesupport_introspection_c
-- Using all available rosidl_typesupport_cpp: rosidl_typesupport_fastrtps_cpp;rosidl_typesupport_introspection_cpp
-- Found PythonInterp: /usr/bin/python3 (found suitable version "3.10.12", minimum required is "3.6") 
-- Found python_cmake_module: 0.10.0 (/opt/ros/humble/share/python_cmake_module/cmake)
-- Found PythonLibs: /usr/lib/x86_64-linux-gnu/libpython3.10.so (found suitable version "3.10.12", minimum required is "3.5") 
-- Using PYTHON_EXECUTABLE: /usr/bin/python3
-- Using PYTHON_INCLUDE_DIRS: /usr/include/python3.10
-- Using PYTHON_LIBRARIES: /usr/lib/x86_64-linux-gnu/libpython3.10.so
-- Found PythonExtra: .so  
-- Configuring done
-- Generating done
-- Build files have been written to: /home/user/uvms3_hal/build/hal
[  2%] [34m[1mGenerating C code for ROS interfaces[0m
[  6%] [34m[1mGenerating C++ code for ROS interfaces[0m
[  6%] [34m[1mGenerating Rust code for ROS interfaces[0m
[  6%] Built target ament_cmake_python_copy_hal
running egg_info
creating hal.egg-info
writing hal.egg-info/PKG-INFO
writing dependency_links to hal.egg-info/dependency_links.txt
writing top-level names to hal.egg-info/top_level.txt
writing manifest file 'hal.egg-info/SOURCES.txt'
reading manifest file 'hal.egg-info/SOURCES.txt'
writing manifest file 'hal.egg-info/SOURCES.txt'
[  6%] Built target ament_cmake_python_build_hal_egg
[  6%] Built target hal__rs
[  6%] Built target hal__cpp
[  8%] [32mBuilding C object CMakeFiles/hal__rosidl_generator_c.dir/rosidl_generator_c/hal/msg/detail/hal_battery_msg__functions.c.o[0m
[ 10%] [32mBuilding C object CMakeFiles/hal__rosidl_generator_c.dir/rosidl_generator_c/hal/srv/detail/hal_battery_control_srv__functions.c.o[0m
[ 17%] [34m[1mGenerating C++ type support dispatch for ROS interfaces[0m
[ 17%] [34m[1mGenerating C++ type support for eProsima Fast-RTPS[0m
[ 17%] [34m[1mGenerating C++ introspection for ROS interfaces[0m
[ 19%] [32m[1mLinking C shared library libhal__rosidl_generator_c.so[0m
[ 19%] Built target hal__rosidl_generator_c
[ 21%] [34m[1mGenerating C type support dispatch for ROS interfaces[0m
[ 23%] [34m[1mGenerating C introspection for ROS interfaces[0m
[ 26%] [34m[1mGenerating C type support for eProsima Fast-RTPS[0m
[ 30%] [32mBuilding CXX object CMakeFiles/hal__rosidl_typesupport_introspection_cpp.dir/rosidl_typesupport_introspection_cpp/hal/srv/detail/hal_battery_control_srv__type_support.cpp.o[0m
[ 30%] [32mBuilding CXX object CMakeFiles/hal__rosidl_typesupport_introspection_cpp.dir/rosidl_typesupport_introspection_cpp/hal/msg/detail/hal_battery_msg__type_support.cpp.o[0m
[ 32%] [32mBuilding CXX object CMakeFiles/hal__rosidl_typesupport_cpp.dir/rosidl_typesupport_cpp/hal/msg/hal_battery_msg__type_support.cpp.o[0m
[ 34%] [32mBuilding CXX object CMakeFiles/hal__rosidl_typesupport_cpp.dir/rosidl_typesupport_cpp/hal/srv/hal_battery_control_srv__type_support.cpp.o[0m
[ 36%] [32mBuilding CXX object CMakeFiles/hal__rosidl_typesupport_fastrtps_cpp.dir/rosidl_typesupport_fastrtps_cpp/hal/msg/detail/dds_fastrtps/hal_battery_msg__type_support.cpp.o[0m
[ 39%] [32mBuilding CXX object CMakeFiles/hal__rosidl_typesupport_fastrtps_cpp.dir/rosidl_typesupport_fastrtps_cpp/hal/srv/detail/dds_fastrtps/hal_battery_control_srv__type_support.cpp.o[0m
[ 41%] [32mBuilding CXX object CMakeFiles/hal__rosidl_typesupport_c.dir/rosidl_typesupport_c/hal/msg/hal_battery_msg__type_support.cpp.o[0m
[ 43%] [32mBuilding CXX object CMakeFiles/hal__rosidl_typesupport_c.dir/rosidl_typesupport_c/hal/srv/hal_battery_control_srv__type_support.cpp.o[0m
[ 45%] [32m[1mLinking CXX shared library libhal__rosidl_typesupport_c.so[0m
[ 47%] [32mBuilding CXX object CMakeFiles/hal__rosidl_typesupport_fastrtps_c.dir/rosidl_typesupport_fastrtps_c/hal/msg/detail/hal_battery_msg__type_support_c.cpp.o[0m
[ 50%] [32mBuilding CXX object CMakeFiles/hal__rosidl_typesupport_fastrtps_c.dir/rosidl_typesupport_fastrtps_c/hal/srv/detail/hal_battery_control_srv__type_support_c.cpp.o[0m
[ 52%] [32mBuilding C object CMakeFiles/hal__rosidl_typesupport_introspection_c.dir/rosidl_typesupport_introspection_c/hal/msg/detail/hal_battery_msg__type_support.c.o[0m
[ 54%] [32mBuilding C object CMakeFiles/hal__rosidl_typesupport_introspection_c.dir/rosidl_typesupport_introspection_c/hal/srv/detail/hal_battery_control_srv__type_support.c.o[0m
[ 54%] Built target hal__rosidl_typesupport_c
[ 56%] [32m[1mLinking C shared library libhal__rosidl_typesupport_introspection_c.so[0m
[ 56%] Built target hal__rosidl_typesupport_introspection_c
[ 58%] [32m[1mLinking CXX shared library libhal__rosidl_typesupport_cpp.so[0m
[ 58%] Built target hal__rosidl_typesupport_cpp
[ 63%] [32mBuilding CXX object CMakeFiles/hal_antennacontrol_node.dir/src/hal_antennacontrol_node.cpp.o[0m
[ 63%] [32mBuilding CXX object CMakeFiles/hal_battery_node.dir/src/hal_battery_node.cpp.o[0m
[ 65%] [32mBuilding CXX object CMakeFiles/hal_lightcontrol_node.dir/src/hal_lightcontrol_node.cpp.o[0m
[ 67%] [32m[1mLinking CXX shared library libhal__rosidl_typesupport_introspection_cpp.so[0m
[ 69%] [32m[1mLinking CXX shared library libhal__rosidl_typesupport_fastrtps_cpp.so[0m
[ 71%] [32m[1mLinking CXX shared library libhal__rosidl_typesupport_fastrtps_c.so[0m
[ 71%] Built target hal__rosidl_typesupport_introspection_cpp
[ 71%] Built target hal__rosidl_typesupport_fastrtps_cpp
[ 71%] Built target hal__rosidl_typesupport_fastrtps_c
[ 71%] Built target hal
[ 73%] [34m[1mGenerating Python code for ROS interfaces[0m
[ 73%] Built target hal__py
[ 76%] [32mBuilding C object CMakeFiles/hal__rosidl_generator_py.dir/rosidl_generator_py/hal/msg/_hal_battery_msg_s.c.o[0m
[ 78%] [32mBuilding C object CMakeFiles/hal__rosidl_generator_py.dir/rosidl_generator_py/hal/srv/_hal_battery_control_srv_s.c.o[0m
[ 80%] [32m[1mLinking C shared library rosidl_generator_py/hal/libhal__rosidl_generator_py.so[0m
[ 80%] Built target hal__rosidl_generator_py
[ 84%] [32mBuilding C object CMakeFiles/hal__rosidl_typesupport_introspection_c__pyext.dir/rosidl_generator_py/hal/_hal_s.ep.rosidl_typesupport_introspection_c.c.o[0m
[ 82%] [32mBuilding C object CMakeFiles/hal__rosidl_typesupport_c__pyext.dir/rosidl_generator_py/hal/_hal_s.ep.rosidl_typesupport_c.c.o[0m
[ 86%] [32mBuilding C object CMakeFiles/hal__rosidl_typesupport_fastrtps_c__pyext.dir/rosidl_generator_py/hal/_hal_s.ep.rosidl_typesupport_fastrtps_c.c.o[0m
[ 91%] [32m[1mLinking C shared library rosidl_generator_py/hal/hal_s__rosidl_typesupport_fastrtps_c.cpython-310-x86_64-linux-gnu.so[0m
[ 91%] [32m[1mLinking C shared library rosidl_generator_py/hal/hal_s__rosidl_typesupport_introspection_c.cpython-310-x86_64-linux-gnu.so[0m
[ 93%] [32m[1mLinking C shared library rosidl_generator_py/hal/hal_s__rosidl_typesupport_c.cpython-310-x86_64-linux-gnu.so[0m
[ 93%] Built target hal__rosidl_typesupport_fastrtps_c__pyext
[ 93%] Built target hal__rosidl_typesupport_introspection_c__pyext
[ 93%] Built target hal__rosidl_typesupport_c__pyext
[ 95%] [32m[1mLinking CXX executable hal_battery_node[0m
[ 95%] Built target hal_battery_node
[ 97%] [32m[1mLinking CXX executable hal_lightcontrol_node[0m
[ 97%] Built target hal_lightcontrol_node
[100%] [32m[1mLinking CXX executable hal_antennacontrol_node[0m
[100%] Built target hal_antennacontrol_node
-- Install configuration: ""
-- Installing: /home/user/uvms3_hal/install/hal/share/ament_index/resource_index/rosidl_interfaces/hal
-- Installing: /home/user/uvms3_hal/install/hal/include/hal/hal
-- Installing: /home/user/uvms3_hal/install/hal/include/hal/hal/srv
-- Installing: /home/user/uvms3_hal/install/hal/include/hal/hal/srv/hal_battery_control_srv.h
-- Installing: /home/user/uvms3_hal/install/hal/include/hal/hal/srv/detail
-- Installing: /home/user/uvms3_hal/install/hal/include/hal/hal/srv/detail/hal_battery_control_srv__functions.c
-- Installing: /home/user/uvms3_hal/install/hal/include/hal/hal/srv/detail/hal_battery_control_srv__type_support.h
-- Installing: /home/user/uvms3_hal/install/hal/include/hal/hal/srv/detail/hal_battery_control_srv__functions.h
-- Installing: /home/user/uvms3_hal/install/hal/include/hal/hal/srv/detail/hal_battery_control_srv__struct.h
-- Installing: /home/user/uvms3_hal/install/hal/include/hal/hal/msg
-- Installing: /home/user/uvms3_hal/install/hal/include/hal/hal/msg/detail
-- Installing: /home/user/uvms3_hal/install/hal/include/hal/hal/msg/detail/hal_battery_msg__struct.h
-- Installing: /home/user/uvms3_hal/install/hal/include/hal/hal/msg/detail/hal_battery_msg__functions.c
-- Installing: /home/user/uvms3_hal/install/hal/include/hal/hal/msg/detail/hal_battery_msg__type_support.h
-- Installing: /home/user/uvms3_hal/install/hal/include/hal/hal/msg/detail/hal_battery_msg__functions.h
-- Installing: /home/user/uvms3_hal/install/hal/include/hal/hal/msg/hal_battery_msg.h
-- Installing: /home/user/uvms3_hal/install/hal/include/hal/hal/msg/rosidl_generator_c__visibility_control.h
-- Installing: /home/user/uvms3_hal/install/hal/share/hal/environment/library_path.sh
-- Installing: /home/user/uvms3_hal/install/hal/share/hal/environment/library_path.dsv
-- Installing: /home/user/uvms3_hal/install/hal/lib/libhal__rosidl_generator_c.so
-- Set runtime path of "/home/user/uvms3_hal/install/hal/lib/libhal__rosidl_generator_c.so" to ""
-- Up-to-date: /home/user/uvms3_hal/install/hal/include/hal/hal
-- Up-to-date: /home/user/uvms3_hal/install/hal/include/hal/hal/srv
-- Up-to-date: /home/user/uvms3_hal/install/hal/include/hal/hal/srv/detail
-- Installing: /home/user/uvms3_hal/install/hal/include/hal/hal/srv/detail/hal_battery_control_srv__rosidl_typesupport_fastrtps_c.h
-- Up-to-date: /home/user/uvms3_hal/install/hal/include/hal/hal/msg
-- Installing: /home/user/uvms3_hal/install/hal/include/hal/hal/msg/rosidl_typesupport_fastrtps_c__visibility_control.h
-- Up-to-date: /home/user/uvms3_hal/install/hal/include/hal/hal/msg/detail
-- Installing: /home/user/uvms3_hal/install/hal/include/hal/hal/msg/detail/hal_battery_msg__rosidl_typesupport_fastrtps_c.h
-- Installing: /home/user/uvms3_hal/install/hal/lib/libhal__rosidl_typesupport_fastrtps_c.so
-- Set runtime path of "/home/user/uvms3_hal/install/hal/lib/libhal__rosidl_typesupport_fastrtps_c.so" to ""
-- Up-to-date: /home/user/uvms3_hal/install/hal/include/hal/hal
-- Up-to-date: /home/user/uvms3_hal/install/hal/include/hal/hal/srv
-- Installing: /home/user/uvms3_hal/install/hal/include/hal/hal/srv/hal_battery_control_srv.hpp
-- Up-to-date: /home/user/uvms3_hal/install/hal/include/hal/hal/srv/detail
-- Installing: /home/user/uvms3_hal/install/hal/include/hal/hal/srv/detail/hal_battery_control_srv__struct.hpp
-- Installing: /home/user/uvms3_hal/install/hal/include/hal/hal/srv/detail/hal_battery_control_srv__builder.hpp
-- Installing: /home/user/uvms3_hal/install/hal/include/hal/hal/srv/detail/hal_battery_control_srv__type_support.hpp
-- Installing: /home/user/uvms3_hal/install/hal/include/hal/hal/srv/detail/hal_battery_control_srv__traits.hpp
-- Up-to-date: /home/user/uvms3_hal/install/hal/include/hal/hal/msg
-- Installing: /home/user/uvms3_hal/install/hal/include/hal/hal/msg/rosidl_generator_cpp__visibility_control.hpp
-- Up-to-date: /home/user/uvms3_hal/install/hal/include/hal/hal/msg/detail
-- Installing: /home/user/uvms3_hal/install/hal/include/hal/hal/msg/detail/hal_battery_msg__traits.hpp
-- Installing: /home/user/uvms3_hal/install/hal/include/hal/hal/msg/detail/hal_battery_msg__builder.hpp
-- Installing: /home/user/uvms3_hal/install/hal/include/hal/hal/msg/detail/hal_battery_msg__struct.hpp
-- Installing: /home/user/uvms3_hal/install/hal/include/hal/hal/msg/detail/hal_battery_msg__type_support.hpp
-- Installing: /home/user/uvms3_hal/install/hal/include/hal/hal/msg/hal_battery_msg.hpp
-- Up-to-date: /home/user/uvms3_hal/install/hal/include/hal/hal
-- Up-to-date: /home/user/uvms3_hal/install/hal/include/hal/hal/srv
-- Up-to-date: /home/user/uvms3_hal/install/hal/include/hal/hal/srv/detail
-- Installing: /home/user/uvms3_hal/install/hal/include/hal/hal/srv/detail/dds_fastrtps
-- Installing: /home/user/uvms3_hal/install/hal/include/hal/hal/srv/detail/hal_battery_control_srv__rosidl_typesupport_fastrtps_cpp.hpp
-- Up-to-date: /home/user/uvms3_hal/install/hal/include/hal/hal/msg
-- Installing: /home/user/uvms3_hal/install/hal/include/hal/hal/msg/rosidl_typesupport_fastrtps_cpp__visibility_control.h
-- Up-to-date: /home/user/uvms3_hal/install/hal/include/hal/hal/msg/detail
-- Installing: /home/user/uvms3_hal/install/hal/include/hal/hal/msg/detail/dds_fastrtps
-- Installing: /home/user/uvms3_hal/install/hal/include/hal/hal/msg/detail/hal_battery_msg__rosidl_typesupport_fastrtps_cpp.hpp
-- Installing: /home/user/uvms3_hal/install/hal/lib/libhal__rosidl_typesupport_fastrtps_cpp.so
-- Set runtime path of "/home/user/uvms3_hal/install/hal/lib/libhal__rosidl_typesupport_fastrtps_cpp.so" to ""
-- Up-to-date: /home/user/uvms3_hal/install/hal/include/hal/hal
-- Up-to-date: /home/user/uvms3_hal/install/hal/include/hal/hal/srv
-- Up-to-date: /home/user/uvms3_hal/install/hal/include/hal/hal/srv/detail
-- Installing: /home/user/uvms3_hal/install/hal/include/hal/hal/srv/detail/hal_battery_control_srv__rosidl_typesupport_introspection_c.h
-- Installing: /home/user/uvms3_hal/install/hal/include/hal/hal/srv/detail/hal_battery_control_srv__type_support.c
-- Up-to-date: /home/user/uvms3_hal/install/hal/include/hal/hal/msg
-- Installing: /home/user/uvms3_hal/install/hal/include/hal/hal/msg/rosidl_typesupport_introspection_c__visibility_control.h
-- Up-to-date: /home/user/uvms3_hal/install/hal/include/hal/hal/msg/detail
-- Installing: /home/user/uvms3_hal/install/hal/include/hal/hal/msg/detail/hal_battery_msg__type_support.c
-- Installing: /home/user/uvms3_hal/install/hal/include/hal/hal/msg/detail/hal_battery_msg__rosidl_typesupport_introspection_c.h
-- Installing: /home/user/uvms3_hal/install/hal/lib/libhal__rosidl_typesupport_introspection_c.so
-- Set runtime path of "/home/user/uvms3_hal/install/hal/lib/libhal__rosidl_typesupport_introspection_c.so" to ""
-- Installing: /home/user/uvms3_hal/install/hal/lib/libhal__rosidl_typesupport_c.so
-- Set runtime path of "/home/user/uvms3_hal/install/hal/lib/libhal__rosidl_typesupport_c.so" to ""
-- Up-to-date: /home/user/uvms3_hal/install/hal/include/hal/hal
-- Up-to-date: /home/user/uvms3_hal/install/hal/include/hal/hal/srv
-- Up-to-date: /home/user/uvms3_hal/install/hal/include/hal/hal/srv/detail
-- Installing: /home/user/uvms3_hal/install/hal/include/hal/hal/srv/detail/hal_battery_control_srv__type_support.cpp
-- Installing: /home/user/uvms3_hal/install/hal/include/hal/hal/srv/detail/hal_battery_control_srv__rosidl_typesupport_introspection_cpp.hpp
-- Up-to-date: /home/user/uvms3_hal/install/hal/include/hal/hal/msg
-- Up-to-date: /home/user/uvms3_hal/install/hal/include/hal/hal/msg/detail
-- Installing: /home/user/uvms3_hal/install/hal/include/hal/hal/msg/detail/hal_battery_msg__rosidl_typesupport_introspection_cpp.hpp
-- Installing: /home/user/uvms3_hal/install/hal/include/hal/hal/msg/detail/hal_battery_msg__type_support.cpp
-- Installing: /home/user/uvms3_hal/install/hal/lib/libhal__rosidl_typesupport_introspection_cpp.so
-- Set runtime path of "/home/user/uvms3_hal/install/hal/lib/libhal__rosidl_typesupport_introspection_cpp.so" to ""
-- Installing: /home/user/uvms3_hal/install/hal/lib/libhal__rosidl_typesupport_cpp.so
-- Set runtime path of "/home/user/uvms3_hal/install/hal/lib/libhal__rosidl_typesupport_cpp.so" to ""
-- Installing: /home/user/uvms3_hal/install/hal/share/hal/environment/pythonpath.sh
-- Installing: /home/user/uvms3_hal/install/hal/share/hal/environment/pythonpath.dsv
-- Installing: /home/user/uvms3_hal/install/hal/local/lib/python3.10/dist-packages/hal-0.0.1-py3.10.egg-info
-- Installing: /home/user/uvms3_hal/install/hal/local/lib/python3.10/dist-packages/hal-0.0.1-py3.10.egg-info/PKG-INFO
-- Installing: /home/user/uvms3_hal/install/hal/local/lib/python3.10/dist-packages/hal-0.0.1-py3.10.egg-info/dependency_links.txt
-- Installing: /home/user/uvms3_hal/install/hal/local/lib/python3.10/dist-packages/hal-0.0.1-py3.10.egg-info/SOURCES.txt
-- Installing: /home/user/uvms3_hal/install/hal/local/lib/python3.10/dist-packages/hal-0.0.1-py3.10.egg-info/top_level.txt
-- Installing: /home/user/uvms3_hal/install/hal/local/lib/python3.10/dist-packages/hal
-- Installing: /home/user/uvms3_hal/install/hal/local/lib/python3.10/dist-packages/hal/_hal_s.ep.rosidl_typesupport_introspection_c.c
-- Installing: /home/user/uvms3_hal/install/hal/local/lib/python3.10/dist-packages/hal/hal_s__rosidl_typesupport_fastrtps_c.cpython-310-x86_64-linux-gnu.so
-- Installing: /home/user/uvms3_hal/install/hal/local/lib/python3.10/dist-packages/hal/hal_s__rosidl_typesupport_introspection_c.cpython-310-x86_64-linux-gnu.so
-- Installing: /home/user/uvms3_hal/install/hal/local/lib/python3.10/dist-packages/hal/srv
-- Installing: /home/user/uvms3_hal/install/hal/local/lib/python3.10/dist-packages/hal/srv/_hal_battery_control_srv.py
-- Installing: /home/user/uvms3_hal/install/hal/local/lib/python3.10/dist-packages/hal/srv/_hal_battery_control_srv_s.c
-- Installing: /home/user/uvms3_hal/install/hal/local/lib/python3.10/dist-packages/hal/srv/__init__.py
-- Installing: /home/user/uvms3_hal/install/hal/local/lib/python3.10/dist-packages/hal/_hal_s.ep.rosidl_typesupport_fastrtps_c.c
-- Installing: /home/user/uvms3_hal/install/hal/local/lib/python3.10/dist-packages/hal/__init__.py
-- Installing: /home/user/uvms3_hal/install/hal/local/lib/python3.10/dist-packages/hal/hal_s__rosidl_typesupport_c.cpython-310-x86_64-linux-gnu.so
-- Installing: /home/user/uvms3_hal/install/hal/local/lib/python3.10/dist-packages/hal/msg
-- Installing: /home/user/uvms3_hal/install/hal/local/lib/python3.10/dist-packages/hal/msg/_hal_battery_msg.py
-- Installing: /home/user/uvms3_hal/install/hal/local/lib/python3.10/dist-packages/hal/msg/_hal_battery_msg_s.c
-- Installing: /home/user/uvms3_hal/install/hal/local/lib/python3.10/dist-packages/hal/msg/__init__.py
-- Installing: /home/user/uvms3_hal/install/hal/local/lib/python3.10/dist-packages/hal/libhal__rosidl_generator_py.so
-- Installing: /home/user/uvms3_hal/install/hal/local/lib/python3.10/dist-packages/hal/_hal_s.ep.rosidl_typesupport_c.c
Listing '/home/user/uvms3_hal/install/hal/local/lib/python3.10/dist-packages/hal'...
Compiling '/home/user/uvms3_hal/install/hal/local/lib/python3.10/dist-packages/hal/__init__.py'...
Listing '/home/user/uvms3_hal/install/hal/local/lib/python3.10/dist-packages/hal/msg'...
Compiling '/home/user/uvms3_hal/install/hal/local/lib/python3.10/dist-packages/hal/msg/__init__.py'...
Compiling '/home/user/uvms3_hal/install/hal/local/lib/python3.10/dist-packages/hal/msg/_hal_battery_msg.py'...
Listing '/home/user/uvms3_hal/install/hal/local/lib/python3.10/dist-packages/hal/srv'...
Compiling '/home/user/uvms3_hal/install/hal/local/lib/python3.10/dist-packages/hal/srv/__init__.py'...
Compiling '/home/user/uvms3_hal/install/hal/local/lib/python3.10/dist-packages/hal/srv/_hal_battery_control_srv.py'...
-- Installing: /home/user/uvms3_hal/install/hal/local/lib/python3.10/dist-packages/hal/hal_s__rosidl_typesupport_fastrtps_c.cpython-310-x86_64-linux-gnu.so
-- Set runtime path of "/home/user/uvms3_hal/install/hal/local/lib/python3.10/dist-packages/hal/hal_s__rosidl_typesupport_fastrtps_c.cpython-310-x86_64-linux-gnu.so" to ""
-- Installing: /home/user/uvms3_hal/install/hal/local/lib/python3.10/dist-packages/hal/hal_s__rosidl_typesupport_introspection_c.cpython-310-x86_64-linux-gnu.so
-- Set runtime path of "/home/user/uvms3_hal/install/hal/local/lib/python3.10/dist-packages/hal/hal_s__rosidl_typesupport_introspection_c.cpython-310-x86_64-linux-gnu.so" to ""
-- Installing: /home/user/uvms3_hal/install/hal/local/lib/python3.10/dist-packages/hal/hal_s__rosidl_typesupport_c.cpython-310-x86_64-linux-gnu.so
-- Set runtime path of "/home/user/uvms3_hal/install/hal/local/lib/python3.10/dist-packages/hal/hal_s__rosidl_typesupport_c.cpython-310-x86_64-linux-gnu.so" to ""
-- Installing: /home/user/uvms3_hal/install/hal/lib/libhal__rosidl_generator_py.so
-- Set runtime path of "/home/user/uvms3_hal/install/hal/lib/libhal__rosidl_generator_py.so" to ""
-- Installing: /home/user/uvms3_hal/install/hal/share/ament_index/resource_index/rust_packages/hal
-- Installing: /home/user/uvms3_hal/install/hal/share/hal/rust
-- Installing: /home/user/uvms3_hal/install/hal/share/hal/rust/src
-- Installing: /home/user/uvms3_hal/install/hal/share/hal/rust/src/srv
-- Installing: /home/user/uvms3_hal/install/hal/share/hal/rust/src/srv/rmw.rs
-- Installing: /home/user/uvms3_hal/install/hal/share/hal/rust/src/msg.rs
-- Installing: /home/user/uvms3_hal/install/hal/share/hal/rust/src/srv.rs
-- Installing: /home/user/uvms3_hal/install/hal/share/hal/rust/src/msg
-- Installing: /home/user/uvms3_hal/install/hal/share/hal/rust/src/msg/rmw.rs
-- Installing: /home/user/uvms3_hal/install/hal/share/hal/rust/src/lib.rs
-- Installing: /home/user/uvms3_hal/install/hal/share/hal/rust/Cargo.toml
-- Installing: /home/user/uvms3_hal/install/hal/share/hal/rust/build.rs
-- Installing: /home/user/uvms3_hal/install/hal/share/hal/msg/HalBatteryMsg.idl
-- Installing: /home/user/uvms3_hal/install/hal/share/hal/srv/HalBatteryControlSrv.idl
-- Installing: /home/user/uvms3_hal/install/hal/share/hal/msg/HalBatteryMsg.msg
-- Installing: /home/user/uvms3_hal/install/hal/share/hal/srv/HalBatteryControlSrv.srv
-- Installing: /home/user/uvms3_hal/install/hal/share/hal/srv/HalBatteryControlSrv_Request.msg
-- Installing: /home/user/uvms3_hal/install/hal/share/hal/srv/HalBatteryControlSrv_Response.msg
-- Installing: /home/user/uvms3_hal/install/hal/lib/hal/hal_battery_node
-- Set runtime path of "/home/user/uvms3_hal/install/hal/lib/hal/hal_battery_node" to ""
-- Installing: /home/user/uvms3_hal/install/hal/lib/hal/hal_antennacontrol_node
-- Set runtime path of "/home/user/uvms3_hal/install/hal/lib/hal/hal_antennacontrol_node" to ""
-- Installing: /home/user/uvms3_hal/install/hal/lib/hal/hal_lightcontrol_node
-- Set runtime path of "/home/user/uvms3_hal/install/hal/lib/hal/hal_lightcontrol_node" to ""
-- Installing: /home/user/uvms3_hal/install/hal/share/hal//launch
-- Installing: /home/user/uvms3_hal/install/hal/share/hal//launch/power_hal.launch.py
-- Up-to-date: /home/user/uvms3_hal/install/hal/include/
-- Installing: /home/user/uvms3_hal/install/hal/include//power_hal
-- Installing: /home/user/uvms3_hal/install/hal/include//power_hal/can_interface.hpp
-- Installing: /home/user/uvms3_hal/install/hal/share/ament_index/resource_index/package_run_dependencies/hal
-- Installing: /home/user/uvms3_hal/install/hal/share/ament_index/resource_index/parent_prefix_path/hal
-- Installing: /home/user/uvms3_hal/install/hal/share/hal/environment/ament_prefix_path.sh
-- Installing: /home/user/uvms3_hal/install/hal/share/hal/environment/ament_prefix_path.dsv
-- Installing: /home/user/uvms3_hal/install/hal/share/hal/environment/path.sh
-- Installing: /home/user/uvms3_hal/install/hal/share/hal/environment/path.dsv
-- Installing: /home/user/uvms3_hal/install/hal/share/hal/local_setup.bash
-- Installing: /home/user/uvms3_hal/install/hal/share/hal/local_setup.sh
-- Installing: /home/user/uvms3_hal/install/hal/share/hal/local_setup.zsh
-- Installing: /home/user/uvms3_hal/install/hal/share/hal/local_setup.dsv
-- Installing: /home/user/uvms3_hal/install/hal/share/hal/package.dsv
-- Installing: /home/user/uvms3_hal/install/hal/share/ament_index/resource_index/packages/hal
-- Installing: /home/user/uvms3_hal/install/hal/share/hal/cmake/export_hal__rosidl_generator_cExport.cmake
-- Installing: /home/user/uvms3_hal/install/hal/share/hal/cmake/export_hal__rosidl_generator_cExport-noconfig.cmake
-- Installing: /home/user/uvms3_hal/install/hal/share/hal/cmake/export_hal__rosidl_typesupport_fastrtps_cExport.cmake
-- Installing: /home/user/uvms3_hal/install/hal/share/hal/cmake/export_hal__rosidl_typesupport_fastrtps_cExport-noconfig.cmake
-- Installing: /home/user/uvms3_hal/install/hal/share/hal/cmake/export_hal__rosidl_generator_cppExport.cmake
-- Installing: /home/user/uvms3_hal/install/hal/share/hal/cmake/export_hal__rosidl_typesupport_fastrtps_cppExport.cmake
-- Installing: /home/user/uvms3_hal/install/hal/share/hal/cmake/export_hal__rosidl_typesupport_fastrtps_cppExport-noconfig.cmake
-- Installing: /home/user/uvms3_hal/install/hal/share/hal/cmake/hal__rosidl_typesupport_introspection_cExport.cmake
-- Installing: /home/user/uvms3_hal/install/hal/share/hal/cmake/hal__rosidl_typesupport_introspection_cExport-noconfig.cmake
-- Installing: /home/user/uvms3_hal/install/hal/share/hal/cmake/hal__rosidl_typesupport_cExport.cmake
-- Installing: /home/user/uvms3_hal/install/hal/share/hal/cmake/hal__rosidl_typesupport_cExport-noconfig.cmake
-- Installing: /home/user/uvms3_hal/install/hal/share/hal/cmake/hal__rosidl_typesupport_introspection_cppExport.cmake
-- Installing: /home/user/uvms3_hal/install/hal/share/hal/cmake/hal__rosidl_typesupport_introspection_cppExport-noconfig.cmake
-- Installing: /home/user/uvms3_hal/install/hal/share/hal/cmake/hal__rosidl_typesupport_cppExport.cmake
-- Installing: /home/user/uvms3_hal/install/hal/share/hal/cmake/hal__rosidl_typesupport_cppExport-noconfig.cmake
-- Installing: /home/user/uvms3_hal/install/hal/share/hal/cmake/export_hal__rosidl_generator_pyExport.cmake
-- Installing: /home/user/uvms3_hal/install/hal/share/hal/cmake/export_hal__rosidl_generator_pyExport-noconfig.cmake
-- Installing: /home/user/uvms3_hal/install/hal/share/hal/cmake/rosidl_cmake-extras.cmake
-- Installing: /home/user/uvms3_hal/install/hal/share/hal/cmake/ament_cmake_export_dependencies-extras.cmake
-- Installing: /home/user/uvms3_hal/install/hal/share/hal/cmake/ament_cmake_export_include_directories-extras.cmake
-- Installing: /home/user/uvms3_hal/install/hal/share/hal/cmake/ament_cmake_export_libraries-extras.cmake
-- Installing: /home/user/uvms3_hal/install/hal/share/hal/cmake/ament_cmake_export_targets-extras.cmake
-- Installing: /home/user/uvms3_hal/install/hal/share/hal/cmake/rosidl_cmake_export_typesupport_targets-extras.cmake
-- Installing: /home/user/uvms3_hal/install/hal/share/hal/cmake/rosidl_cmake_export_typesupport_libraries-extras.cmake
-- Installing: /home/user/uvms3_hal/install/hal/share/hal/cmake/halConfig.cmake
-- Installing: /home/user/uvms3_hal/install/hal/share/hal/cmake/halConfig-version.cmake
-- Installing: /home/user/uvms3_hal/install/hal/share/hal/package.xml
