[0.113s] DEBUG:colcon:Command line arguments: ['/usr/bin/colcon', 'build']
[0.114s] DEBUG:colcon:Parsed command line arguments: Namespace(log_base=None, log_level=None, verb_name='build', build_base='build', install_base='install', merge_install=False, symlink_install=False, test_result_base=None, continue_on_error=False, executor='parallel', parallel_workers=2, event_handlers=None, ignore_user_meta=False, metas=['./colcon.meta'], base_paths=['.'], packages_ignore=None, packages_ignore_regex=None, paths=None, packages_up_to=None, packages_up_to_regex=None, packages_above=None, packages_above_and_dependencies=None, packages_above_depth=None, packages_select_by_dep=None, packages_skip_by_dep=None, packages_skip_up_to=None, packages_select_build_failed=False, packages_skip_build_finished=False, packages_select_test_failures=False, packages_skip_test_passed=False, packages_select=None, packages_skip=None, packages_select_regex=None, packages_skip_regex=None, packages_start=None, packages_end=None, allow_overriding=[], cmake_args=None, cmake_target=None, cmake_target_skip_unavailable=False, cmake_clean_cache=False, cmake_clean_first=False, cmake_force_configure=False, ament_cmake_args=None, catkin_cmake_args=None, catkin_skip_building_tests=False, verb_parser=<colcon_defaults.argument_parser.defaults.DefaultArgumentsDecorator object at 0x7dc9be3233a0>, verb_extension=<colcon_core.verb.build.BuildVerb object at 0x7dc9be322e30>, main=<bound method BuildVerb.main of <colcon_core.verb.build.BuildVerb object at 0x7dc9be322e30>>)
[0.231s] Level 1:colcon.colcon_core.package_discovery:discover_packages(colcon_meta) check parameters
[0.231s] Level 1:colcon.colcon_core.package_discovery:discover_packages(recursive) check parameters
[0.231s] Level 1:colcon.colcon_core.package_discovery:discover_packages(ignore) check parameters
[0.231s] Level 1:colcon.colcon_core.package_discovery:discover_packages(path) check parameters
[0.231s] Level 1:colcon.colcon_core.package_discovery:discover_packages(colcon_meta) discover
[0.231s] Level 1:colcon.colcon_core.package_discovery:discover_packages(recursive) discover
[0.231s] INFO:colcon.colcon_core.package_discovery:Crawling recursively for packages in '/home/ss/uvms/uvms3_hal'
[0.232s] Level 1:colcon.colcon_core.package_identification:_identify(.) by extensions ['ignore', 'ignore_ament_install']
[0.232s] Level 1:colcon.colcon_core.package_identification:_identify(.) by extension 'ignore'
[0.232s] Level 1:colcon.colcon_core.package_identification:_identify(.) by extension 'ignore_ament_install'
[0.232s] Level 1:colcon.colcon_core.package_identification:_identify(.) by extensions ['colcon_pkg']
[0.232s] Level 1:colcon.colcon_core.package_identification:_identify(.) by extension 'colcon_pkg'
[0.232s] Level 1:colcon.colcon_core.package_identification:_identify(.) by extensions ['colcon_meta']
[0.232s] Level 1:colcon.colcon_core.package_identification:_identify(.) by extension 'colcon_meta'
[0.232s] Level 1:colcon.colcon_core.package_identification:_identify(.) by extensions ['ros']
[0.232s] Level 1:colcon.colcon_core.package_identification:_identify(.) by extension 'ros'
[0.244s] DEBUG:colcon.colcon_core.package_identification:Package '.' with type 'ros.ament_cmake' and name 'hal'
[0.244s] Level 1:colcon.colcon_core.package_discovery:discover_packages(recursive) using defaults
[0.244s] Level 1:colcon.colcon_core.package_discovery:discover_packages(ignore) discover
[0.244s] Level 1:colcon.colcon_core.package_discovery:discover_packages(ignore) using defaults
[0.244s] Level 1:colcon.colcon_core.package_discovery:discover_packages(path) discover
[0.244s] Level 1:colcon.colcon_core.package_discovery:discover_packages(path) using defaults
[0.259s] Level 1:colcon.colcon_core.package_discovery:discover_packages(prefix_path) check parameters
[0.259s] Level 1:colcon.colcon_core.package_discovery:discover_packages(prefix_path) discover
[0.261s] DEBUG:colcon.colcon_installed_package_information.package_discovery:Found 272 installed packages in /opt/ros/humble
[0.263s] Level 1:colcon.colcon_core.package_discovery:discover_packages(prefix_path) using defaults
[0.301s] Level 5:colcon.colcon_core.verb:set package 'hal' build argument 'cmake_args' from command line to 'None'
[0.301s] Level 5:colcon.colcon_core.verb:set package 'hal' build argument 'cmake_target' from command line to 'None'
[0.301s] Level 5:colcon.colcon_core.verb:set package 'hal' build argument 'cmake_target_skip_unavailable' from command line to 'False'
[0.301s] Level 5:colcon.colcon_core.verb:set package 'hal' build argument 'cmake_clean_cache' from command line to 'False'
[0.301s] Level 5:colcon.colcon_core.verb:set package 'hal' build argument 'cmake_clean_first' from command line to 'False'
[0.301s] Level 5:colcon.colcon_core.verb:set package 'hal' build argument 'cmake_force_configure' from command line to 'False'
[0.301s] Level 5:colcon.colcon_core.verb:set package 'hal' build argument 'ament_cmake_args' from command line to 'None'
[0.301s] Level 5:colcon.colcon_core.verb:set package 'hal' build argument 'catkin_cmake_args' from command line to 'None'
[0.301s] Level 5:colcon.colcon_core.verb:set package 'hal' build argument 'catkin_skip_building_tests' from command line to 'False'
[0.302s] DEBUG:colcon.colcon_core.verb:Building package 'hal' with the following arguments: {'ament_cmake_args': None, 'build_base': '/home/ss/uvms/uvms3_hal/build/hal', 'catkin_cmake_args': None, 'catkin_skip_building_tests': False, 'cmake_args': None, 'cmake_clean_cache': False, 'cmake_clean_first': False, 'cmake_force_configure': False, 'cmake_target': None, 'cmake_target_skip_unavailable': False, 'install_base': '/home/ss/uvms/uvms3_hal/install/hal', 'merge_install': False, 'path': '/home/ss/uvms/uvms3_hal', 'symlink_install': False, 'test_result_base': None}
[0.302s] INFO:colcon.colcon_core.executor:Executing jobs using 'parallel' executor
[0.303s] DEBUG:colcon.colcon_parallel_executor.executor.parallel:run_until_complete
[0.303s] INFO:colcon.colcon_ros.task.ament_cmake.build:Building ROS package in '/home/ss/uvms/uvms3_hal' with build type 'ament_cmake'
[0.303s] INFO:colcon.colcon_cmake.task.cmake.build:Building CMake package in '/home/ss/uvms/uvms3_hal'
[0.305s] INFO:colcon.colcon_core.plugin_system:Skipping extension 'colcon_core.shell.bat': Not used on non-Windows systems
[0.305s] INFO:colcon.colcon_core.shell:Skip shell extension 'powershell' for command environment: Not usable outside of PowerShell
[0.305s] DEBUG:colcon.colcon_core.shell:Skip shell extension 'dsv' for command environment
[0.313s] DEBUG:colcon.colcon_core.event_handler.log_command:Invoking command in '/home/ss/uvms/uvms3_hal/build/hal': CMAKE_PREFIX_PATH=/opt/ros/humble /usr/bin/cmake /home/ss/uvms/uvms3_hal -DCMAKE_INSTALL_PREFIX=/home/ss/uvms/uvms3_hal/install/hal
[3.629s] DEBUG:colcon.colcon_core.event_handler.log_command:Invoked command in '/home/ss/uvms/uvms3_hal/build/hal' returned '0': CMAKE_PREFIX_PATH=/opt/ros/humble /usr/bin/cmake /home/ss/uvms/uvms3_hal -DCMAKE_INSTALL_PREFIX=/home/ss/uvms/uvms3_hal/install/hal
[3.632s] DEBUG:colcon.colcon_core.event_handler.log_command:Invoking command in '/home/ss/uvms/uvms3_hal/build/hal': CMAKE_PREFIX_PATH=/opt/ros/humble /usr/bin/cmake --build /home/ss/uvms/uvms3_hal/build/hal -- -j2 -l2
[105.865s] DEBUG:colcon.colcon_core.event_handler.log_command:Invoked command in '/home/ss/uvms/uvms3_hal/build/hal' returned '0': CMAKE_PREFIX_PATH=/opt/ros/humble /usr/bin/cmake --build /home/ss/uvms/uvms3_hal/build/hal -- -j2 -l2
[105.877s] DEBUG:colcon.colcon_core.event_handler.log_command:Invoking command in '/home/ss/uvms/uvms3_hal/build/hal': CMAKE_PREFIX_PATH=/opt/ros/humble /usr/bin/cmake --install /home/ss/uvms/uvms3_hal/build/hal
[106.063s] Level 1:colcon.colcon_core.environment:create_environment_scripts_only(hal)
[106.064s] DEBUG:colcon.colcon_core.event_handler.log_command:Invoked command in '/home/ss/uvms/uvms3_hal/build/hal' returned '0': CMAKE_PREFIX_PATH=/opt/ros/humble /usr/bin/cmake --install /home/ss/uvms/uvms3_hal/build/hal
[106.084s] Level 1:colcon.colcon_core.environment:checking '/home/ss/uvms/uvms3_hal/install/hal' for CMake module files
[106.085s] Level 1:colcon.colcon_core.environment:checking '/home/ss/uvms/uvms3_hal/install/hal' for CMake config files
[106.085s] Level 1:colcon.colcon_core.shell:create_environment_hook('hal', 'cmake_prefix_path')
[106.085s] INFO:colcon.colcon_core.shell:Creating environment hook '/home/ss/uvms/uvms3_hal/install/hal/share/hal/hook/cmake_prefix_path.ps1'
[106.101s] INFO:colcon.colcon_core.shell:Creating environment descriptor '/home/ss/uvms/uvms3_hal/install/hal/share/hal/hook/cmake_prefix_path.dsv'
[106.102s] INFO:colcon.colcon_core.shell:Creating environment hook '/home/ss/uvms/uvms3_hal/install/hal/share/hal/hook/cmake_prefix_path.sh'
[106.103s] Level 1:colcon.colcon_core.environment:checking '/home/ss/uvms/uvms3_hal/install/hal/lib'
[106.103s] Level 1:colcon.colcon_core.shell:create_environment_hook('hal', 'ld_library_path_lib')
[106.104s] INFO:colcon.colcon_core.shell:Creating environment hook '/home/ss/uvms/uvms3_hal/install/hal/share/hal/hook/ld_library_path_lib.ps1'
[106.104s] INFO:colcon.colcon_core.shell:Creating environment descriptor '/home/ss/uvms/uvms3_hal/install/hal/share/hal/hook/ld_library_path_lib.dsv'
[106.104s] INFO:colcon.colcon_core.shell:Creating environment hook '/home/ss/uvms/uvms3_hal/install/hal/share/hal/hook/ld_library_path_lib.sh'
[106.104s] Level 1:colcon.colcon_core.environment:checking '/home/ss/uvms/uvms3_hal/install/hal/bin'
[106.104s] Level 1:colcon.colcon_core.environment:checking '/home/ss/uvms/uvms3_hal/install/hal/lib/pkgconfig/hal.pc'
[106.104s] Level 1:colcon.colcon_core.environment:checking '/home/ss/uvms/uvms3_hal/install/hal/lib/python3.10/site-packages'
[106.105s] Level 1:colcon.colcon_core.environment:checking '/home/ss/uvms/uvms3_hal/install/hal/bin'
[106.105s] INFO:colcon.colcon_core.shell:Creating package script '/home/ss/uvms/uvms3_hal/install/hal/share/hal/package.ps1'
[106.105s] INFO:colcon.colcon_core.shell:Creating package descriptor '/home/ss/uvms/uvms3_hal/install/hal/share/hal/package.dsv'
[106.106s] INFO:colcon.colcon_core.shell:Creating package script '/home/ss/uvms/uvms3_hal/install/hal/share/hal/package.sh'
[106.107s] INFO:colcon.colcon_core.shell:Creating package script '/home/ss/uvms/uvms3_hal/install/hal/share/hal/package.bash'
[106.108s] INFO:colcon.colcon_core.shell:Creating package script '/home/ss/uvms/uvms3_hal/install/hal/share/hal/package.zsh'
[106.109s] Level 1:colcon.colcon_core.environment:create_file_with_runtime_dependencies(/home/ss/uvms/uvms3_hal/install/hal/share/colcon-core/packages/hal)
[106.110s] Level 1:colcon.colcon_core.environment:create_environment_scripts_only(hal)
[106.110s] Level 1:colcon.colcon_core.environment:checking '/home/ss/uvms/uvms3_hal/install/hal' for CMake module files
[106.111s] Level 1:colcon.colcon_core.environment:checking '/home/ss/uvms/uvms3_hal/install/hal' for CMake config files
[106.111s] Level 1:colcon.colcon_core.shell:create_environment_hook('hal', 'cmake_prefix_path')
[106.111s] INFO:colcon.colcon_core.shell:Creating environment hook '/home/ss/uvms/uvms3_hal/install/hal/share/hal/hook/cmake_prefix_path.ps1'
[106.112s] INFO:colcon.colcon_core.shell:Creating environment descriptor '/home/ss/uvms/uvms3_hal/install/hal/share/hal/hook/cmake_prefix_path.dsv'
[106.112s] INFO:colcon.colcon_core.shell:Creating environment hook '/home/ss/uvms/uvms3_hal/install/hal/share/hal/hook/cmake_prefix_path.sh'
[106.113s] Level 1:colcon.colcon_core.environment:checking '/home/ss/uvms/uvms3_hal/install/hal/lib'
[106.113s] Level 1:colcon.colcon_core.shell:create_environment_hook('hal', 'ld_library_path_lib')
[106.113s] INFO:colcon.colcon_core.shell:Creating environment hook '/home/ss/uvms/uvms3_hal/install/hal/share/hal/hook/ld_library_path_lib.ps1'
[106.113s] INFO:colcon.colcon_core.shell:Creating environment descriptor '/home/ss/uvms/uvms3_hal/install/hal/share/hal/hook/ld_library_path_lib.dsv'
[106.114s] INFO:colcon.colcon_core.shell:Creating environment hook '/home/ss/uvms/uvms3_hal/install/hal/share/hal/hook/ld_library_path_lib.sh'
[106.114s] Level 1:colcon.colcon_core.environment:checking '/home/ss/uvms/uvms3_hal/install/hal/bin'
[106.114s] Level 1:colcon.colcon_core.environment:checking '/home/ss/uvms/uvms3_hal/install/hal/lib/pkgconfig/hal.pc'
[106.114s] Level 1:colcon.colcon_core.environment:checking '/home/ss/uvms/uvms3_hal/install/hal/lib/python3.10/site-packages'
[106.114s] Level 1:colcon.colcon_core.environment:checking '/home/ss/uvms/uvms3_hal/install/hal/bin'
[106.115s] INFO:colcon.colcon_core.shell:Creating package script '/home/ss/uvms/uvms3_hal/install/hal/share/hal/package.ps1'
[106.115s] INFO:colcon.colcon_core.shell:Creating package descriptor '/home/ss/uvms/uvms3_hal/install/hal/share/hal/package.dsv'
[106.116s] INFO:colcon.colcon_core.shell:Creating package script '/home/ss/uvms/uvms3_hal/install/hal/share/hal/package.sh'
[106.116s] INFO:colcon.colcon_core.shell:Creating package script '/home/ss/uvms/uvms3_hal/install/hal/share/hal/package.bash'
[106.116s] INFO:colcon.colcon_core.shell:Creating package script '/home/ss/uvms/uvms3_hal/install/hal/share/hal/package.zsh'
[106.117s] Level 1:colcon.colcon_core.environment:create_file_with_runtime_dependencies(/home/ss/uvms/uvms3_hal/install/hal/share/colcon-core/packages/hal)
[106.117s] DEBUG:colcon.colcon_parallel_executor.executor.parallel:closing loop
[106.118s] DEBUG:colcon.colcon_parallel_executor.executor.parallel:loop closed
[106.118s] DEBUG:colcon.colcon_parallel_executor.executor.parallel:run_until_complete finished with '0'
[106.118s] DEBUG:colcon.colcon_core.event_reactor:joining thread
[106.140s] INFO:colcon.colcon_core.plugin_system:Skipping extension 'colcon_notification.desktop_notification.terminal_notifier': Not used on non-Darwin systems
[106.140s] INFO:colcon.colcon_core.plugin_system:Skipping extension 'colcon_notification.desktop_notification.win32': Not used on non-Windows systems
[106.140s] INFO:colcon.colcon_notification.desktop_notification:Sending desktop notification using 'notify2'
[106.165s] DEBUG:colcon.colcon_core.event_reactor:joined thread
[106.165s] INFO:colcon.colcon_core.shell:Creating prefix script '/home/ss/uvms/uvms3_hal/install/local_setup.ps1'
[106.167s] INFO:colcon.colcon_core.shell:Creating prefix util module '/home/ss/uvms/uvms3_hal/install/_local_setup_util_ps1.py'
[106.169s] INFO:colcon.colcon_core.shell:Creating prefix chain script '/home/ss/uvms/uvms3_hal/install/setup.ps1'
[106.185s] INFO:colcon.colcon_core.shell:Creating prefix script '/home/ss/uvms/uvms3_hal/install/local_setup.sh'
[106.201s] INFO:colcon.colcon_core.shell:Creating prefix util module '/home/ss/uvms/uvms3_hal/install/_local_setup_util_sh.py'
[106.202s] INFO:colcon.colcon_core.shell:Creating prefix chain script '/home/ss/uvms/uvms3_hal/install/setup.sh'
[106.203s] INFO:colcon.colcon_core.shell:Creating prefix script '/home/ss/uvms/uvms3_hal/install/local_setup.bash'
[106.206s] INFO:colcon.colcon_core.shell:Creating prefix chain script '/home/ss/uvms/uvms3_hal/install/setup.bash'
[106.208s] INFO:colcon.colcon_core.shell:Creating prefix script '/home/ss/uvms/uvms3_hal/install/local_setup.zsh'
[106.210s] INFO:colcon.colcon_core.shell:Creating prefix chain script '/home/ss/uvms/uvms3_hal/install/setup.zsh'
