-- The C compiler identification is GNU 11.4.0
-- The CXX compiler identification is GNU 11.4.0
-- Detecting C compiler ABI info
-- Detecting C compiler ABI info - done
-- Check for working C compiler: /usr/bin/cc - skipped
-- Detecting C compile features
-- Detecting C compile features - done
-- Detecting CXX compiler ABI info
-- Detecting CXX compiler ABI info - done
-- Check for working CXX compiler: /usr/bin/c++ - skipped
-- Detecting CXX compile features
-- Detecting CXX compile features - done
-- Found ament_cmake: 1.3.13 (/opt/ros/humble/share/ament_cmake/cmake)
-- Found Python3: /usr/bin/python3 (found version "3.10.12") found components: Interpreter 
-- Found rclcpp: 16.0.18 (/opt/ros/humble/share/rclcpp/cmake)
-- Found rosidl_generator_c: 3.1.8 (/opt/ros/humble/share/rosidl_generator_c/cmake)
-- Found rosidl_adapter: 3.1.8 (/opt/ros/humble/share/rosidl_adapter/cmake)
-- Found rosidl_generator_cpp: 3.1.8 (/opt/ros/humble/share/rosidl_generator_cpp/cmake)
-- Using all available rosidl_typesupport_c: rosidl_typesupport_fastrtps_c;rosidl_typesupport_introspection_c
-- Using all available rosidl_typesupport_cpp: rosidl_typesupport_fastrtps_cpp;rosidl_typesupport_introspection_cpp
-- Found rmw_implementation_cmake: 6.1.2 (/opt/ros/humble/share/rmw_implementation_cmake/cmake)
-- Found rmw_fastrtps_cpp: 6.2.10 (/opt/ros/humble/share/rmw_fastrtps_cpp/cmake)
-- Found OpenSSL: /usr/lib/x86_64-linux-gnu/libcrypto.so (found version "3.0.2")  
-- Found FastRTPS: /opt/ros/humble/include  
-- Using RMW implementation 'rmw_fastrtps_cpp' as default
-- Looking for pthread.h
-- Looking for pthread.h - found
-- Performing Test CMAKE_HAVE_LIBC_PTHREAD
-- Performing Test CMAKE_HAVE_LIBC_PTHREAD - Success
-- Found Threads: TRUE  
-- Found rclcpp_lifecycle: 16.0.18 (/opt/ros/humble/share/rclcpp_lifecycle/cmake)
-- Found sensor_msgs: 4.9.1 (/opt/ros/humble/share/sensor_msgs/cmake)
-- Found std_srvs: 4.9.1 (/opt/ros/humble/share/std_srvs/cmake)
-- Found trajectory_msgs: 4.9.1 (/opt/ros/humble/share/trajectory_msgs/cmake)
-- Found rosidl_default_generators: 1.2.0 (/opt/ros/humble/share/rosidl_default_generators/cmake)
-- Found ament_cmake_ros: 0.10.0 (/opt/ros/humble/share/ament_cmake_ros/cmake)
-- Using all available rosidl_typesupport_c: rosidl_typesupport_fastrtps_c;rosidl_typesupport_introspection_c
-- Using all available rosidl_typesupport_cpp: rosidl_typesupport_fastrtps_cpp;rosidl_typesupport_introspection_cpp
-- Found PythonInterp: /usr/bin/python3 (found suitable version "3.10.12", minimum required is "3.6") 
-- Found python_cmake_module: 0.10.0 (/opt/ros/humble/share/python_cmake_module/cmake)
-- Found PythonLibs: /usr/lib/x86_64-linux-gnu/libpython3.10.so (found suitable version "3.10.12", minimum required is "3.5") 
-- Using PYTHON_EXECUTABLE: /usr/bin/python3
-- Using PYTHON_INCLUDE_DIRS: /usr/include/python3.10
-- Using PYTHON_LIBRARIES: /usr/lib/x86_64-linux-gnu/libpython3.10.so
-- Found PythonExtra: .so  
-- Configuring done
-- Generating done
-- Build files have been written to: /home/ss/uvms/uvms3_hal/build/hal
[  1%] [34m[1mGenerating C code for ROS interfaces[0m
[  1%] [34m[1mGenerating C++ code for ROS interfaces[0m
[  1%] Built target hal__cpp
[  1%] Built target ament_cmake_python_copy_hal
[  2%] [32mBuilding CXX object CMakeFiles/hal_manipulator_node.dir/src/hal_manipulator_main.cpp.o[0m
[  3%] [32mBuilding C object CMakeFiles/hal__rosidl_generator_c.dir/rosidl_generator_c/hal/msg/detail/hal_tailservo_msg__functions.c.o[0m
[  4%] [32mBuilding C object CMakeFiles/hal__rosidl_generator_c.dir/rosidl_generator_c/hal/msg/detail/hal_wingservo_msg__functions.c.o[0m
[  5%] [32mBuilding C object CMakeFiles/hal__rosidl_generator_c.dir/rosidl_generator_c/hal/msg/detail/hal_mainthruster_msg__functions.c.o[0m
[  6%] [32mBuilding C object CMakeFiles/hal__rosidl_generator_c.dir/rosidl_generator_c/hal/msg/detail/hal_auxithruster_msg__functions.c.o[0m
[  7%] [32mBuilding C object CMakeFiles/hal__rosidl_generator_c.dir/rosidl_generator_c/hal/srv/detail/hal_servocontrol_srv__functions.c.o[0m
[  8%] [32mBuilding C object CMakeFiles/hal__rosidl_generator_c.dir/rosidl_generator_c/hal/srv/detail/hal_thrustercontrol_srv__functions.c.o[0m
[  9%] [32mBuilding C object CMakeFiles/hal__rosidl_generator_c.dir/rosidl_generator_c/hal/msg/detail/hal_battery_msg__functions.c.o[0m
[ 10%] [32mBuilding C object CMakeFiles/hal__rosidl_generator_c.dir/rosidl_generator_c/hal/srv/detail/hal_battery_control_srv__functions.c.o[0m
[ 11%] [32m[1mLinking C shared library libhal__rosidl_generator_c.so[0m
[ 11%] Built target hal__rosidl_generator_c
[ 12%] [32mBuilding CXX object CMakeFiles/hal_manipulator_node.dir/src/hal_manipulator_node.cpp.o[0m
[ 13%] [32mBuilding CXX object CMakeFiles/hal_manipulator_node.dir/src/hal_manipulator_protocol.cpp.o[0m
[ 14%] [32mBuilding CXX object CMakeFiles/hal_manipulator_node.dir/src/hal_manipulator_can.cpp.o[0m
[ 15%] [32mBuilding CXX object CMakeFiles/hal_manipulator_node.dir/src/hal_manipulator_safety.cpp.o[0m
[ 16%] [32m[1mLinking CXX executable hal_manipulator_node[0m
[ 16%] Built target hal_manipulator_node
[ 17%] [34m[1mGenerating C++ type support dispatch for ROS interfaces[0m
[ 17%] [32mBuilding CXX object CMakeFiles/hal__rosidl_typesupport_cpp.dir/rosidl_typesupport_cpp/hal/msg/hal_tailservo_msg__type_support.cpp.o[0m
[ 18%] [32mBuilding CXX object CMakeFiles/hal__rosidl_typesupport_cpp.dir/rosidl_typesupport_cpp/hal/msg/hal_wingservo_msg__type_support.cpp.o[0m
[ 19%] [32mBuilding CXX object CMakeFiles/hal__rosidl_typesupport_cpp.dir/rosidl_typesupport_cpp/hal/msg/hal_mainthruster_msg__type_support.cpp.o[0m
[ 20%] [32mBuilding CXX object CMakeFiles/hal__rosidl_typesupport_cpp.dir/rosidl_typesupport_cpp/hal/msg/hal_auxithruster_msg__type_support.cpp.o[0m
[ 21%] [32mBuilding CXX object CMakeFiles/hal__rosidl_typesupport_cpp.dir/rosidl_typesupport_cpp/hal/srv/hal_servocontrol_srv__type_support.cpp.o[0m
[ 22%] [32mBuilding CXX object CMakeFiles/hal__rosidl_typesupport_cpp.dir/rosidl_typesupport_cpp/hal/srv/hal_thrustercontrol_srv__type_support.cpp.o[0m
[ 23%] [32mBuilding CXX object CMakeFiles/hal__rosidl_typesupport_cpp.dir/rosidl_typesupport_cpp/hal/msg/hal_battery_msg__type_support.cpp.o[0m
[ 24%] [32mBuilding CXX object CMakeFiles/hal__rosidl_typesupport_cpp.dir/rosidl_typesupport_cpp/hal/srv/hal_battery_control_srv__type_support.cpp.o[0m
[ 25%] [32m[1mLinking CXX shared library libhal__rosidl_typesupport_cpp.so[0m
[ 25%] Built target hal__rosidl_typesupport_cpp
[ 26%] [34m[1mGenerating C type support for eProsima Fast-RTPS[0m
[ 27%] [32mBuilding CXX object CMakeFiles/hal__rosidl_typesupport_fastrtps_c.dir/rosidl_typesupport_fastrtps_c/hal/msg/detail/hal_tailservo_msg__type_support_c.cpp.o[0m
[ 28%] [32mBuilding CXX object CMakeFiles/hal__rosidl_typesupport_fastrtps_c.dir/rosidl_typesupport_fastrtps_c/hal/msg/detail/hal_wingservo_msg__type_support_c.cpp.o[0m
[ 29%] [32mBuilding CXX object CMakeFiles/hal__rosidl_typesupport_fastrtps_c.dir/rosidl_typesupport_fastrtps_c/hal/msg/detail/hal_mainthruster_msg__type_support_c.cpp.o[0m
[ 30%] [32mBuilding CXX object CMakeFiles/hal__rosidl_typesupport_fastrtps_c.dir/rosidl_typesupport_fastrtps_c/hal/msg/detail/hal_auxithruster_msg__type_support_c.cpp.o[0m
[ 31%] [32mBuilding CXX object CMakeFiles/hal__rosidl_typesupport_fastrtps_c.dir/rosidl_typesupport_fastrtps_c/hal/srv/detail/hal_servocontrol_srv__type_support_c.cpp.o[0m
[ 32%] [32mBuilding CXX object CMakeFiles/hal__rosidl_typesupport_fastrtps_c.dir/rosidl_typesupport_fastrtps_c/hal/srv/detail/hal_thrustercontrol_srv__type_support_c.cpp.o[0m
[ 33%] [32mBuilding CXX object CMakeFiles/hal__rosidl_typesupport_fastrtps_c.dir/rosidl_typesupport_fastrtps_c/hal/msg/detail/hal_battery_msg__type_support_c.cpp.o[0m
[ 34%] [32mBuilding CXX object CMakeFiles/hal__rosidl_typesupport_fastrtps_c.dir/rosidl_typesupport_fastrtps_c/hal/srv/detail/hal_battery_control_srv__type_support_c.cpp.o[0m
[ 35%] [32m[1mLinking CXX shared library libhal__rosidl_typesupport_fastrtps_c.so[0m
[ 35%] Built target hal__rosidl_typesupport_fastrtps_c
[ 36%] [34m[1mGenerating C++ type support for eProsima Fast-RTPS[0m
[ 37%] [32mBuilding CXX object CMakeFiles/hal__rosidl_typesupport_fastrtps_cpp.dir/rosidl_typesupport_fastrtps_cpp/hal/msg/detail/dds_fastrtps/hal_tailservo_msg__type_support.cpp.o[0m
[ 38%] [32mBuilding CXX object CMakeFiles/hal__rosidl_typesupport_fastrtps_cpp.dir/rosidl_typesupport_fastrtps_cpp/hal/msg/detail/dds_fastrtps/hal_wingservo_msg__type_support.cpp.o[0m
[ 39%] [32mBuilding CXX object CMakeFiles/hal__rosidl_typesupport_fastrtps_cpp.dir/rosidl_typesupport_fastrtps_cpp/hal/msg/detail/dds_fastrtps/hal_mainthruster_msg__type_support.cpp.o[0m
[ 40%] [32mBuilding CXX object CMakeFiles/hal__rosidl_typesupport_fastrtps_cpp.dir/rosidl_typesupport_fastrtps_cpp/hal/msg/detail/dds_fastrtps/hal_auxithruster_msg__type_support.cpp.o[0m
[ 41%] [32mBuilding CXX object CMakeFiles/hal__rosidl_typesupport_fastrtps_cpp.dir/rosidl_typesupport_fastrtps_cpp/hal/srv/detail/dds_fastrtps/hal_servocontrol_srv__type_support.cpp.o[0m
[ 42%] [32mBuilding CXX object CMakeFiles/hal__rosidl_typesupport_fastrtps_cpp.dir/rosidl_typesupport_fastrtps_cpp/hal/srv/detail/dds_fastrtps/hal_thrustercontrol_srv__type_support.cpp.o[0m
[ 43%] [32mBuilding CXX object CMakeFiles/hal__rosidl_typesupport_fastrtps_cpp.dir/rosidl_typesupport_fastrtps_cpp/hal/msg/detail/dds_fastrtps/hal_battery_msg__type_support.cpp.o[0m
[ 44%] [32mBuilding CXX object CMakeFiles/hal__rosidl_typesupport_fastrtps_cpp.dir/rosidl_typesupport_fastrtps_cpp/hal/srv/detail/dds_fastrtps/hal_battery_control_srv__type_support.cpp.o[0m
[ 45%] [32m[1mLinking CXX shared library libhal__rosidl_typesupport_fastrtps_cpp.so[0m
[ 45%] Built target hal__rosidl_typesupport_fastrtps_cpp
[ 46%] [34m[1mGenerating C introspection for ROS interfaces[0m
[ 47%] [32mBuilding C object CMakeFiles/hal__rosidl_typesupport_introspection_c.dir/rosidl_typesupport_introspection_c/hal/msg/detail/hal_tailservo_msg__type_support.c.o[0m
[ 48%] [32mBuilding C object CMakeFiles/hal__rosidl_typesupport_introspection_c.dir/rosidl_typesupport_introspection_c/hal/msg/detail/hal_wingservo_msg__type_support.c.o[0m
[ 48%] [32mBuilding C object CMakeFiles/hal__rosidl_typesupport_introspection_c.dir/rosidl_typesupport_introspection_c/hal/msg/detail/hal_mainthruster_msg__type_support.c.o[0m
[ 49%] [32mBuilding C object CMakeFiles/hal__rosidl_typesupport_introspection_c.dir/rosidl_typesupport_introspection_c/hal/msg/detail/hal_auxithruster_msg__type_support.c.o[0m
[ 50%] [32mBuilding C object CMakeFiles/hal__rosidl_typesupport_introspection_c.dir/rosidl_typesupport_introspection_c/hal/srv/detail/hal_servocontrol_srv__type_support.c.o[0m
[ 51%] [32mBuilding C object CMakeFiles/hal__rosidl_typesupport_introspection_c.dir/rosidl_typesupport_introspection_c/hal/srv/detail/hal_thrustercontrol_srv__type_support.c.o[0m
[ 52%] [32mBuilding C object CMakeFiles/hal__rosidl_typesupport_introspection_c.dir/rosidl_typesupport_introspection_c/hal/msg/detail/hal_battery_msg__type_support.c.o[0m
[ 53%] [32mBuilding C object CMakeFiles/hal__rosidl_typesupport_introspection_c.dir/rosidl_typesupport_introspection_c/hal/srv/detail/hal_battery_control_srv__type_support.c.o[0m
[ 54%] [32m[1mLinking C shared library libhal__rosidl_typesupport_introspection_c.so[0m
[ 54%] Built target hal__rosidl_typesupport_introspection_c
[ 55%] [34m[1mGenerating C type support dispatch for ROS interfaces[0m
[ 56%] [32mBuilding CXX object CMakeFiles/hal__rosidl_typesupport_c.dir/rosidl_typesupport_c/hal/msg/hal_tailservo_msg__type_support.cpp.o[0m
[ 57%] [32mBuilding CXX object CMakeFiles/hal__rosidl_typesupport_c.dir/rosidl_typesupport_c/hal/msg/hal_wingservo_msg__type_support.cpp.o[0m
[ 58%] [32mBuilding CXX object CMakeFiles/hal__rosidl_typesupport_c.dir/rosidl_typesupport_c/hal/msg/hal_mainthruster_msg__type_support.cpp.o[0m
[ 59%] [32mBuilding CXX object CMakeFiles/hal__rosidl_typesupport_c.dir/rosidl_typesupport_c/hal/msg/hal_auxithruster_msg__type_support.cpp.o[0m
[ 60%] [32mBuilding CXX object CMakeFiles/hal__rosidl_typesupport_c.dir/rosidl_typesupport_c/hal/srv/hal_servocontrol_srv__type_support.cpp.o[0m
[ 61%] [32mBuilding CXX object CMakeFiles/hal__rosidl_typesupport_c.dir/rosidl_typesupport_c/hal/srv/hal_thrustercontrol_srv__type_support.cpp.o[0m
[ 62%] [32mBuilding CXX object CMakeFiles/hal__rosidl_typesupport_c.dir/rosidl_typesupport_c/hal/msg/hal_battery_msg__type_support.cpp.o[0m
[ 63%] [32mBuilding CXX object CMakeFiles/hal__rosidl_typesupport_c.dir/rosidl_typesupport_c/hal/srv/hal_battery_control_srv__type_support.cpp.o[0m
[ 64%] [32m[1mLinking CXX shared library libhal__rosidl_typesupport_c.so[0m
[ 64%] Built target hal__rosidl_typesupport_c
[ 65%] [34m[1mGenerating C++ introspection for ROS interfaces[0m
[ 66%] [32mBuilding CXX object CMakeFiles/hal__rosidl_typesupport_introspection_cpp.dir/rosidl_typesupport_introspection_cpp/hal/msg/detail/hal_tailservo_msg__type_support.cpp.o[0m
[ 67%] [32mBuilding CXX object CMakeFiles/hal__rosidl_typesupport_introspection_cpp.dir/rosidl_typesupport_introspection_cpp/hal/msg/detail/hal_wingservo_msg__type_support.cpp.o[0m
[ 68%] [32mBuilding CXX object CMakeFiles/hal__rosidl_typesupport_introspection_cpp.dir/rosidl_typesupport_introspection_cpp/hal/msg/detail/hal_mainthruster_msg__type_support.cpp.o[0m
[ 69%] [32mBuilding CXX object CMakeFiles/hal__rosidl_typesupport_introspection_cpp.dir/rosidl_typesupport_introspection_cpp/hal/msg/detail/hal_auxithruster_msg__type_support.cpp.o[0m
[ 70%] [32mBuilding CXX object CMakeFiles/hal__rosidl_typesupport_introspection_cpp.dir/rosidl_typesupport_introspection_cpp/hal/srv/detail/hal_servocontrol_srv__type_support.cpp.o[0m
[ 71%] [32mBuilding CXX object CMakeFiles/hal__rosidl_typesupport_introspection_cpp.dir/rosidl_typesupport_introspection_cpp/hal/srv/detail/hal_thrustercontrol_srv__type_support.cpp.o[0m
[ 72%] [32mBuilding CXX object CMakeFiles/hal__rosidl_typesupport_introspection_cpp.dir/rosidl_typesupport_introspection_cpp/hal/msg/detail/hal_battery_msg__type_support.cpp.o[0m
[ 73%] [32mBuilding CXX object CMakeFiles/hal__rosidl_typesupport_introspection_cpp.dir/rosidl_typesupport_introspection_cpp/hal/srv/detail/hal_battery_control_srv__type_support.cpp.o[0m
[ 74%] [32m[1mLinking CXX shared library libhal__rosidl_typesupport_introspection_cpp.so[0m
[ 74%] Built target hal__rosidl_typesupport_introspection_cpp
running egg_info
creating hal.egg-info
writing hal.egg-info/PKG-INFO
writing dependency_links to hal.egg-info/dependency_links.txt
writing top-level names to hal.egg-info/top_level.txt
writing manifest file 'hal.egg-info/SOURCES.txt'
reading manifest file 'hal.egg-info/SOURCES.txt'
writing manifest file 'hal.egg-info/SOURCES.txt'
[ 74%] Built target ament_cmake_python_build_hal_egg
[ 75%] [32mBuilding CXX object CMakeFiles/hal_battery_node.dir/src/hal_battery_node.cpp.o[0m
[ 76%] [32m[1mLinking CXX executable hal_battery_node[0m
[ 76%] Built target hal_battery_node
[ 77%] [32mBuilding CXX object CMakeFiles/hal_antennacontrol_node.dir/src/hal_antennacontrol_node.cpp.o[0m
[01m[K/home/ss/uvms/uvms3_hal/src/hal_antennacontrol_node.cpp:[m[K In member function ‘[01m[Kvoid HalAntennaControlNode::run_motor(int)[m[K’:
[01m[K/home/ss/uvms/uvms3_hal/src/hal_antennacontrol_node.cpp:110:24:[m[K [01;35m[Kwarning: [m[Kunused parameter ‘[01m[Kdir[m[K’ [[01;35m[K]8;;https://gcc.gnu.org/onlinedocs/gcc/Warning-Options.html#index-Wunused-parameter-Wunused-parameter]8;;[m[K]
  110 |     void run_motor([01;35m[Kint dir[m[K) { /* 许延轩：此处添加驱动代码 */ }
      |                    [01;35m[K~~~~^~~[m[K
[01m[K/home/ss/uvms/uvms3_hal/src/hal_antennacontrol_node.cpp:[m[K In member function ‘[01m[Kbool HalAntennaControlNode::read_limit_switch(int)[m[K’:
[01m[K/home/ss/uvms/uvms3_hal/src/hal_antennacontrol_node.cpp:112:32:[m[K [01;35m[Kwarning: [m[Kunused parameter ‘[01m[Kid[m[K’ [[01;35m[K]8;;https://gcc.gnu.org/onlinedocs/gcc/Warning-Options.html#index-Wunused-parameter-Wunused-parameter]8;;[m[K]
  112 |     bool read_limit_switch([01;35m[Kint id[m[K) { return false; }
      |                            [01;35m[K~~~~^~[m[K
[ 78%] [32m[1mLinking CXX executable hal_antennacontrol_node[0m
[ 78%] Built target hal_antennacontrol_node
[ 79%] [32mBuilding CXX object CMakeFiles/hal_lightcontrol_node.dir/src/hal_lightcontrol_node.cpp.o[0m
[ 80%] [32m[1mLinking CXX executable hal_lightcontrol_node[0m
[ 80%] Built target hal_lightcontrol_node
[ 81%] [32mBuilding CXX object CMakeFiles/hal_servo_node.dir/src/hal_servo_node.cpp.o[0m
[ 82%] [32m[1mLinking CXX executable hal_servo_node[0m
[ 82%] Built target hal_servo_node
[ 83%] [32mBuilding CXX object CMakeFiles/hal_thruster_node.dir/src/hal_thruster_node.cpp.o[0m
[ 84%] [32m[1mLinking CXX executable hal_thruster_node[0m
[ 84%] Built target hal_thruster_node
[ 84%] Built target hal
[ 85%] [34m[1mGenerating Python code for ROS interfaces[0m
[ 85%] Built target hal__py
[ 86%] [32mBuilding C object CMakeFiles/hal__rosidl_generator_py.dir/rosidl_generator_py/hal/msg/_hal_tailservo_msg_s.c.o[0m
[ 87%] [32mBuilding C object CMakeFiles/hal__rosidl_generator_py.dir/rosidl_generator_py/hal/msg/_hal_wingservo_msg_s.c.o[0m
[ 88%] [32mBuilding C object CMakeFiles/hal__rosidl_generator_py.dir/rosidl_generator_py/hal/msg/_hal_mainthruster_msg_s.c.o[0m
[ 89%] [32mBuilding C object CMakeFiles/hal__rosidl_generator_py.dir/rosidl_generator_py/hal/msg/_hal_auxithruster_msg_s.c.o[0m
[ 90%] [32mBuilding C object CMakeFiles/hal__rosidl_generator_py.dir/rosidl_generator_py/hal/srv/_hal_servocontrol_srv_s.c.o[0m
[ 91%] [32mBuilding C object CMakeFiles/hal__rosidl_generator_py.dir/rosidl_generator_py/hal/srv/_hal_thrustercontrol_srv_s.c.o[0m
[ 92%] [32mBuilding C object CMakeFiles/hal__rosidl_generator_py.dir/rosidl_generator_py/hal/msg/_hal_battery_msg_s.c.o[0m
[ 93%] [32mBuilding C object CMakeFiles/hal__rosidl_generator_py.dir/rosidl_generator_py/hal/srv/_hal_battery_control_srv_s.c.o[0m
[ 94%] [32m[1mLinking C shared library rosidl_generator_py/hal/libhal__rosidl_generator_py.so[0m
[ 94%] Built target hal__rosidl_generator_py
[ 95%] [32mBuilding C object CMakeFiles/hal__rosidl_typesupport_fastrtps_c__pyext.dir/rosidl_generator_py/hal/_hal_s.ep.rosidl_typesupport_fastrtps_c.c.o[0m
[ 96%] [32m[1mLinking C shared library rosidl_generator_py/hal/hal_s__rosidl_typesupport_fastrtps_c.cpython-310-x86_64-linux-gnu.so[0m
[ 96%] Built target hal__rosidl_typesupport_fastrtps_c__pyext
[ 97%] [32mBuilding C object CMakeFiles/hal__rosidl_typesupport_introspection_c__pyext.dir/rosidl_generator_py/hal/_hal_s.ep.rosidl_typesupport_introspection_c.c.o[0m
[ 98%] [32m[1mLinking C shared library rosidl_generator_py/hal/hal_s__rosidl_typesupport_introspection_c.cpython-310-x86_64-linux-gnu.so[0m
[ 98%] Built target hal__rosidl_typesupport_introspection_c__pyext
[ 99%] [32mBuilding C object CMakeFiles/hal__rosidl_typesupport_c__pyext.dir/rosidl_generator_py/hal/_hal_s.ep.rosidl_typesupport_c.c.o[0m
[100%] [32m[1mLinking C shared library rosidl_generator_py/hal/hal_s__rosidl_typesupport_c.cpython-310-x86_64-linux-gnu.so[0m
[100%] Built target hal__rosidl_typesupport_c__pyext
-- Install configuration: ""
-- Installing: /home/ss/uvms/uvms3_hal/install/hal/share/ament_index/resource_index/rosidl_interfaces/hal
-- Installing: /home/ss/uvms/uvms3_hal/install/hal/include/hal/hal
-- Installing: /home/ss/uvms/uvms3_hal/install/hal/include/hal/hal/srv
-- Installing: /home/ss/uvms/uvms3_hal/install/hal/include/hal/hal/srv/hal_thrustercontrol_srv.h
-- Installing: /home/ss/uvms/uvms3_hal/install/hal/include/hal/hal/srv/hal_battery_control_srv.h
-- Installing: /home/ss/uvms/uvms3_hal/install/hal/include/hal/hal/srv/hal_servocontrol_srv.h
-- Installing: /home/ss/uvms/uvms3_hal/install/hal/include/hal/hal/srv/detail
-- Installing: /home/ss/uvms/uvms3_hal/install/hal/include/hal/hal/srv/detail/hal_servocontrol_srv__functions.h
-- Installing: /home/ss/uvms/uvms3_hal/install/hal/include/hal/hal/srv/detail/hal_thrustercontrol_srv__functions.c
-- Installing: /home/ss/uvms/uvms3_hal/install/hal/include/hal/hal/srv/detail/hal_thrustercontrol_srv__functions.h
-- Installing: /home/ss/uvms/uvms3_hal/install/hal/include/hal/hal/srv/detail/hal_battery_control_srv__functions.c
-- Installing: /home/ss/uvms/uvms3_hal/install/hal/include/hal/hal/srv/detail/hal_battery_control_srv__functions.h
-- Installing: /home/ss/uvms/uvms3_hal/install/hal/include/hal/hal/srv/detail/hal_servocontrol_srv__type_support.h
-- Installing: /home/ss/uvms/uvms3_hal/install/hal/include/hal/hal/srv/detail/hal_servocontrol_srv__functions.c
-- Installing: /home/ss/uvms/uvms3_hal/install/hal/include/hal/hal/srv/detail/hal_thrustercontrol_srv__type_support.h
-- Installing: /home/ss/uvms/uvms3_hal/install/hal/include/hal/hal/srv/detail/hal_battery_control_srv__struct.h
-- Installing: /home/ss/uvms/uvms3_hal/install/hal/include/hal/hal/srv/detail/hal_thrustercontrol_srv__struct.h
-- Installing: /home/ss/uvms/uvms3_hal/install/hal/include/hal/hal/srv/detail/hal_servocontrol_srv__struct.h
-- Installing: /home/ss/uvms/uvms3_hal/install/hal/include/hal/hal/srv/detail/hal_battery_control_srv__type_support.h
-- Installing: /home/ss/uvms/uvms3_hal/install/hal/include/hal/hal/msg
-- Installing: /home/ss/uvms/uvms3_hal/install/hal/include/hal/hal/msg/hal_auxithruster_msg.h
-- Installing: /home/ss/uvms/uvms3_hal/install/hal/include/hal/hal/msg/rosidl_generator_c__visibility_control.h
-- Installing: /home/ss/uvms/uvms3_hal/install/hal/include/hal/hal/msg/detail
-- Installing: /home/ss/uvms/uvms3_hal/install/hal/include/hal/hal/msg/detail/hal_battery_msg__struct.h
-- Installing: /home/ss/uvms/uvms3_hal/install/hal/include/hal/hal/msg/detail/hal_battery_msg__type_support.h
-- Installing: /home/ss/uvms/uvms3_hal/install/hal/include/hal/hal/msg/detail/hal_auxithruster_msg__functions.h
-- Installing: /home/ss/uvms/uvms3_hal/install/hal/include/hal/hal/msg/detail/hal_wingservo_msg__struct.h
-- Installing: /home/ss/uvms/uvms3_hal/install/hal/include/hal/hal/msg/detail/hal_auxithruster_msg__struct.h
-- Installing: /home/ss/uvms/uvms3_hal/install/hal/include/hal/hal/msg/detail/hal_auxithruster_msg__functions.c
-- Installing: /home/ss/uvms/uvms3_hal/install/hal/include/hal/hal/msg/detail/hal_tailservo_msg__functions.h
-- Installing: /home/ss/uvms/uvms3_hal/install/hal/include/hal/hal/msg/detail/hal_battery_msg__functions.c
-- Installing: /home/ss/uvms/uvms3_hal/install/hal/include/hal/hal/msg/detail/hal_wingservo_msg__functions.h
-- Installing: /home/ss/uvms/uvms3_hal/install/hal/include/hal/hal/msg/detail/hal_mainthruster_msg__struct.h
-- Installing: /home/ss/uvms/uvms3_hal/install/hal/include/hal/hal/msg/detail/hal_auxithruster_msg__type_support.h
-- Installing: /home/ss/uvms/uvms3_hal/install/hal/include/hal/hal/msg/detail/hal_tailservo_msg__type_support.h
-- Installing: /home/ss/uvms/uvms3_hal/install/hal/include/hal/hal/msg/detail/hal_wingservo_msg__type_support.h
-- Installing: /home/ss/uvms/uvms3_hal/install/hal/include/hal/hal/msg/detail/hal_tailservo_msg__functions.c
-- Installing: /home/ss/uvms/uvms3_hal/install/hal/include/hal/hal/msg/detail/hal_mainthruster_msg__type_support.h
-- Installing: /home/ss/uvms/uvms3_hal/install/hal/include/hal/hal/msg/detail/hal_mainthruster_msg__functions.c
-- Installing: /home/ss/uvms/uvms3_hal/install/hal/include/hal/hal/msg/detail/hal_mainthruster_msg__functions.h
-- Installing: /home/ss/uvms/uvms3_hal/install/hal/include/hal/hal/msg/detail/hal_wingservo_msg__functions.c
-- Installing: /home/ss/uvms/uvms3_hal/install/hal/include/hal/hal/msg/detail/hal_tailservo_msg__struct.h
-- Installing: /home/ss/uvms/uvms3_hal/install/hal/include/hal/hal/msg/detail/hal_battery_msg__functions.h
-- Installing: /home/ss/uvms/uvms3_hal/install/hal/include/hal/hal/msg/hal_tailservo_msg.h
-- Installing: /home/ss/uvms/uvms3_hal/install/hal/include/hal/hal/msg/hal_wingservo_msg.h
-- Installing: /home/ss/uvms/uvms3_hal/install/hal/include/hal/hal/msg/hal_mainthruster_msg.h
-- Installing: /home/ss/uvms/uvms3_hal/install/hal/include/hal/hal/msg/hal_battery_msg.h
-- Installing: /home/ss/uvms/uvms3_hal/install/hal/share/hal/environment/library_path.sh
-- Installing: /home/ss/uvms/uvms3_hal/install/hal/share/hal/environment/library_path.dsv
-- Installing: /home/ss/uvms/uvms3_hal/install/hal/lib/libhal__rosidl_generator_c.so
-- Set runtime path of "/home/ss/uvms/uvms3_hal/install/hal/lib/libhal__rosidl_generator_c.so" to ""
-- Up-to-date: /home/ss/uvms/uvms3_hal/install/hal/include/hal/hal
-- Up-to-date: /home/ss/uvms/uvms3_hal/install/hal/include/hal/hal/srv
-- Up-to-date: /home/ss/uvms/uvms3_hal/install/hal/include/hal/hal/srv/detail
-- Installing: /home/ss/uvms/uvms3_hal/install/hal/include/hal/hal/srv/detail/hal_battery_control_srv__rosidl_typesupport_fastrtps_c.h
-- Installing: /home/ss/uvms/uvms3_hal/install/hal/include/hal/hal/srv/detail/hal_servocontrol_srv__rosidl_typesupport_fastrtps_c.h
-- Installing: /home/ss/uvms/uvms3_hal/install/hal/include/hal/hal/srv/detail/hal_thrustercontrol_srv__rosidl_typesupport_fastrtps_c.h
-- Up-to-date: /home/ss/uvms/uvms3_hal/install/hal/include/hal/hal/msg
-- Up-to-date: /home/ss/uvms/uvms3_hal/install/hal/include/hal/hal/msg/detail
-- Installing: /home/ss/uvms/uvms3_hal/install/hal/include/hal/hal/msg/detail/hal_wingservo_msg__rosidl_typesupport_fastrtps_c.h
-- Installing: /home/ss/uvms/uvms3_hal/install/hal/include/hal/hal/msg/detail/hal_battery_msg__rosidl_typesupport_fastrtps_c.h
-- Installing: /home/ss/uvms/uvms3_hal/install/hal/include/hal/hal/msg/detail/hal_tailservo_msg__rosidl_typesupport_fastrtps_c.h
-- Installing: /home/ss/uvms/uvms3_hal/install/hal/include/hal/hal/msg/detail/hal_mainthruster_msg__rosidl_typesupport_fastrtps_c.h
-- Installing: /home/ss/uvms/uvms3_hal/install/hal/include/hal/hal/msg/detail/hal_auxithruster_msg__rosidl_typesupport_fastrtps_c.h
-- Installing: /home/ss/uvms/uvms3_hal/install/hal/include/hal/hal/msg/rosidl_typesupport_fastrtps_c__visibility_control.h
-- Installing: /home/ss/uvms/uvms3_hal/install/hal/lib/libhal__rosidl_typesupport_fastrtps_c.so
-- Set runtime path of "/home/ss/uvms/uvms3_hal/install/hal/lib/libhal__rosidl_typesupport_fastrtps_c.so" to ""
-- Up-to-date: /home/ss/uvms/uvms3_hal/install/hal/include/hal/hal
-- Up-to-date: /home/ss/uvms/uvms3_hal/install/hal/include/hal/hal/srv
-- Installing: /home/ss/uvms/uvms3_hal/install/hal/include/hal/hal/srv/hal_battery_control_srv.hpp
-- Up-to-date: /home/ss/uvms/uvms3_hal/install/hal/include/hal/hal/srv/detail
-- Installing: /home/ss/uvms/uvms3_hal/install/hal/include/hal/hal/srv/detail/hal_thrustercontrol_srv__struct.hpp
-- Installing: /home/ss/uvms/uvms3_hal/install/hal/include/hal/hal/srv/detail/hal_battery_control_srv__type_support.hpp
-- Installing: /home/ss/uvms/uvms3_hal/install/hal/include/hal/hal/srv/detail/hal_thrustercontrol_srv__type_support.hpp
-- Installing: /home/ss/uvms/uvms3_hal/install/hal/include/hal/hal/srv/detail/hal_servocontrol_srv__type_support.hpp
-- Installing: /home/ss/uvms/uvms3_hal/install/hal/include/hal/hal/srv/detail/hal_servocontrol_srv__builder.hpp
-- Installing: /home/ss/uvms/uvms3_hal/install/hal/include/hal/hal/srv/detail/hal_servocontrol_srv__traits.hpp
-- Installing: /home/ss/uvms/uvms3_hal/install/hal/include/hal/hal/srv/detail/hal_battery_control_srv__builder.hpp
-- Installing: /home/ss/uvms/uvms3_hal/install/hal/include/hal/hal/srv/detail/hal_battery_control_srv__traits.hpp
-- Installing: /home/ss/uvms/uvms3_hal/install/hal/include/hal/hal/srv/detail/hal_thrustercontrol_srv__builder.hpp
-- Installing: /home/ss/uvms/uvms3_hal/install/hal/include/hal/hal/srv/detail/hal_thrustercontrol_srv__traits.hpp
-- Installing: /home/ss/uvms/uvms3_hal/install/hal/include/hal/hal/srv/detail/hal_servocontrol_srv__struct.hpp
-- Installing: /home/ss/uvms/uvms3_hal/install/hal/include/hal/hal/srv/detail/hal_battery_control_srv__struct.hpp
-- Installing: /home/ss/uvms/uvms3_hal/install/hal/include/hal/hal/srv/hal_thrustercontrol_srv.hpp
-- Installing: /home/ss/uvms/uvms3_hal/install/hal/include/hal/hal/srv/hal_servocontrol_srv.hpp
-- Up-to-date: /home/ss/uvms/uvms3_hal/install/hal/include/hal/hal/msg
-- Installing: /home/ss/uvms/uvms3_hal/install/hal/include/hal/hal/msg/hal_mainthruster_msg.hpp
-- Installing: /home/ss/uvms/uvms3_hal/install/hal/include/hal/hal/msg/hal_wingservo_msg.hpp
-- Installing: /home/ss/uvms/uvms3_hal/install/hal/include/hal/hal/msg/hal_tailservo_msg.hpp
-- Installing: /home/ss/uvms/uvms3_hal/install/hal/include/hal/hal/msg/hal_battery_msg.hpp
-- Up-to-date: /home/ss/uvms/uvms3_hal/install/hal/include/hal/hal/msg/detail
-- Installing: /home/ss/uvms/uvms3_hal/install/hal/include/hal/hal/msg/detail/hal_wingservo_msg__traits.hpp
-- Installing: /home/ss/uvms/uvms3_hal/install/hal/include/hal/hal/msg/detail/hal_mainthruster_msg__type_support.hpp
-- Installing: /home/ss/uvms/uvms3_hal/install/hal/include/hal/hal/msg/detail/hal_mainthruster_msg__struct.hpp
-- Installing: /home/ss/uvms/uvms3_hal/install/hal/include/hal/hal/msg/detail/hal_tailservo_msg__struct.hpp
-- Installing: /home/ss/uvms/uvms3_hal/install/hal/include/hal/hal/msg/detail/hal_auxithruster_msg__struct.hpp
-- Installing: /home/ss/uvms/uvms3_hal/install/hal/include/hal/hal/msg/detail/hal_battery_msg__type_support.hpp
-- Installing: /home/ss/uvms/uvms3_hal/install/hal/include/hal/hal/msg/detail/hal_tailservo_msg__builder.hpp
-- Installing: /home/ss/uvms/uvms3_hal/install/hal/include/hal/hal/msg/detail/hal_mainthruster_msg__builder.hpp
-- Installing: /home/ss/uvms/uvms3_hal/install/hal/include/hal/hal/msg/detail/hal_battery_msg__builder.hpp
-- Installing: /home/ss/uvms/uvms3_hal/install/hal/include/hal/hal/msg/detail/hal_battery_msg__struct.hpp
-- Installing: /home/ss/uvms/uvms3_hal/install/hal/include/hal/hal/msg/detail/hal_auxithruster_msg__builder.hpp
-- Installing: /home/ss/uvms/uvms3_hal/install/hal/include/hal/hal/msg/detail/hal_auxithruster_msg__traits.hpp
-- Installing: /home/ss/uvms/uvms3_hal/install/hal/include/hal/hal/msg/detail/hal_mainthruster_msg__traits.hpp
-- Installing: /home/ss/uvms/uvms3_hal/install/hal/include/hal/hal/msg/detail/hal_wingservo_msg__type_support.hpp
-- Installing: /home/ss/uvms/uvms3_hal/install/hal/include/hal/hal/msg/detail/hal_tailservo_msg__traits.hpp
-- Installing: /home/ss/uvms/uvms3_hal/install/hal/include/hal/hal/msg/detail/hal_wingservo_msg__struct.hpp
-- Installing: /home/ss/uvms/uvms3_hal/install/hal/include/hal/hal/msg/detail/hal_battery_msg__traits.hpp
-- Installing: /home/ss/uvms/uvms3_hal/install/hal/include/hal/hal/msg/detail/hal_wingservo_msg__builder.hpp
-- Installing: /home/ss/uvms/uvms3_hal/install/hal/include/hal/hal/msg/detail/hal_auxithruster_msg__type_support.hpp
-- Installing: /home/ss/uvms/uvms3_hal/install/hal/include/hal/hal/msg/detail/hal_tailservo_msg__type_support.hpp
-- Installing: /home/ss/uvms/uvms3_hal/install/hal/include/hal/hal/msg/hal_auxithruster_msg.hpp
-- Installing: /home/ss/uvms/uvms3_hal/install/hal/include/hal/hal/msg/rosidl_generator_cpp__visibility_control.hpp
-- Up-to-date: /home/ss/uvms/uvms3_hal/install/hal/include/hal/hal
-- Up-to-date: /home/ss/uvms/uvms3_hal/install/hal/include/hal/hal/srv
-- Up-to-date: /home/ss/uvms/uvms3_hal/install/hal/include/hal/hal/srv/detail
-- Installing: /home/ss/uvms/uvms3_hal/install/hal/include/hal/hal/srv/detail/hal_battery_control_srv__rosidl_typesupport_fastrtps_cpp.hpp
-- Installing: /home/ss/uvms/uvms3_hal/install/hal/include/hal/hal/srv/detail/hal_thrustercontrol_srv__rosidl_typesupport_fastrtps_cpp.hpp
-- Installing: /home/ss/uvms/uvms3_hal/install/hal/include/hal/hal/srv/detail/hal_servocontrol_srv__rosidl_typesupport_fastrtps_cpp.hpp
-- Installing: /home/ss/uvms/uvms3_hal/install/hal/include/hal/hal/srv/detail/dds_fastrtps
-- Up-to-date: /home/ss/uvms/uvms3_hal/install/hal/include/hal/hal/msg
-- Up-to-date: /home/ss/uvms/uvms3_hal/install/hal/include/hal/hal/msg/detail
-- Installing: /home/ss/uvms/uvms3_hal/install/hal/include/hal/hal/msg/detail/hal_mainthruster_msg__rosidl_typesupport_fastrtps_cpp.hpp
-- Installing: /home/ss/uvms/uvms3_hal/install/hal/include/hal/hal/msg/detail/hal_tailservo_msg__rosidl_typesupport_fastrtps_cpp.hpp
-- Installing: /home/ss/uvms/uvms3_hal/install/hal/include/hal/hal/msg/detail/hal_wingservo_msg__rosidl_typesupport_fastrtps_cpp.hpp
-- Installing: /home/ss/uvms/uvms3_hal/install/hal/include/hal/hal/msg/detail/hal_auxithruster_msg__rosidl_typesupport_fastrtps_cpp.hpp
-- Installing: /home/ss/uvms/uvms3_hal/install/hal/include/hal/hal/msg/detail/dds_fastrtps
-- Installing: /home/ss/uvms/uvms3_hal/install/hal/include/hal/hal/msg/detail/hal_battery_msg__rosidl_typesupport_fastrtps_cpp.hpp
-- Installing: /home/ss/uvms/uvms3_hal/install/hal/include/hal/hal/msg/rosidl_typesupport_fastrtps_cpp__visibility_control.h
-- Installing: /home/ss/uvms/uvms3_hal/install/hal/lib/libhal__rosidl_typesupport_fastrtps_cpp.so
-- Set runtime path of "/home/ss/uvms/uvms3_hal/install/hal/lib/libhal__rosidl_typesupport_fastrtps_cpp.so" to ""
-- Up-to-date: /home/ss/uvms/uvms3_hal/install/hal/include/hal/hal
-- Up-to-date: /home/ss/uvms/uvms3_hal/install/hal/include/hal/hal/srv
-- Up-to-date: /home/ss/uvms/uvms3_hal/install/hal/include/hal/hal/srv/detail
-- Installing: /home/ss/uvms/uvms3_hal/install/hal/include/hal/hal/srv/detail/hal_battery_control_srv__type_support.c
-- Installing: /home/ss/uvms/uvms3_hal/install/hal/include/hal/hal/srv/detail/hal_thrustercontrol_srv__type_support.c
-- Installing: /home/ss/uvms/uvms3_hal/install/hal/include/hal/hal/srv/detail/hal_battery_control_srv__rosidl_typesupport_introspection_c.h
-- Installing: /home/ss/uvms/uvms3_hal/install/hal/include/hal/hal/srv/detail/hal_servocontrol_srv__type_support.c
-- Installing: /home/ss/uvms/uvms3_hal/install/hal/include/hal/hal/srv/detail/hal_thrustercontrol_srv__rosidl_typesupport_introspection_c.h
-- Installing: /home/ss/uvms/uvms3_hal/install/hal/include/hal/hal/srv/detail/hal_servocontrol_srv__rosidl_typesupport_introspection_c.h
-- Up-to-date: /home/ss/uvms/uvms3_hal/install/hal/include/hal/hal/msg
-- Up-to-date: /home/ss/uvms/uvms3_hal/install/hal/include/hal/hal/msg/detail
-- Installing: /home/ss/uvms/uvms3_hal/install/hal/include/hal/hal/msg/detail/hal_tailservo_msg__type_support.c
-- Installing: /home/ss/uvms/uvms3_hal/install/hal/include/hal/hal/msg/detail/hal_tailservo_msg__rosidl_typesupport_introspection_c.h
-- Installing: /home/ss/uvms/uvms3_hal/install/hal/include/hal/hal/msg/detail/hal_mainthruster_msg__rosidl_typesupport_introspection_c.h
-- Installing: /home/ss/uvms/uvms3_hal/install/hal/include/hal/hal/msg/detail/hal_wingservo_msg__type_support.c
-- Installing: /home/ss/uvms/uvms3_hal/install/hal/include/hal/hal/msg/detail/hal_wingservo_msg__rosidl_typesupport_introspection_c.h
-- Installing: /home/ss/uvms/uvms3_hal/install/hal/include/hal/hal/msg/detail/hal_battery_msg__rosidl_typesupport_introspection_c.h
-- Installing: /home/ss/uvms/uvms3_hal/install/hal/include/hal/hal/msg/detail/hal_mainthruster_msg__type_support.c
-- Installing: /home/ss/uvms/uvms3_hal/install/hal/include/hal/hal/msg/detail/hal_battery_msg__type_support.c
-- Installing: /home/ss/uvms/uvms3_hal/install/hal/include/hal/hal/msg/detail/hal_auxithruster_msg__rosidl_typesupport_introspection_c.h
-- Installing: /home/ss/uvms/uvms3_hal/install/hal/include/hal/hal/msg/detail/hal_auxithruster_msg__type_support.c
-- Installing: /home/ss/uvms/uvms3_hal/install/hal/include/hal/hal/msg/rosidl_typesupport_introspection_c__visibility_control.h
-- Installing: /home/ss/uvms/uvms3_hal/install/hal/lib/libhal__rosidl_typesupport_introspection_c.so
-- Set runtime path of "/home/ss/uvms/uvms3_hal/install/hal/lib/libhal__rosidl_typesupport_introspection_c.so" to ""
-- Installing: /home/ss/uvms/uvms3_hal/install/hal/lib/libhal__rosidl_typesupport_c.so
-- Set runtime path of "/home/ss/uvms/uvms3_hal/install/hal/lib/libhal__rosidl_typesupport_c.so" to ""
-- Up-to-date: /home/ss/uvms/uvms3_hal/install/hal/include/hal/hal
-- Up-to-date: /home/ss/uvms/uvms3_hal/install/hal/include/hal/hal/srv
-- Up-to-date: /home/ss/uvms/uvms3_hal/install/hal/include/hal/hal/srv/detail
-- Installing: /home/ss/uvms/uvms3_hal/install/hal/include/hal/hal/srv/detail/hal_servocontrol_srv__rosidl_typesupport_introspection_cpp.hpp
-- Installing: /home/ss/uvms/uvms3_hal/install/hal/include/hal/hal/srv/detail/hal_battery_control_srv__rosidl_typesupport_introspection_cpp.hpp
-- Installing: /home/ss/uvms/uvms3_hal/install/hal/include/hal/hal/srv/detail/hal_battery_control_srv__type_support.cpp
-- Installing: /home/ss/uvms/uvms3_hal/install/hal/include/hal/hal/srv/detail/hal_thrustercontrol_srv__rosidl_typesupport_introspection_cpp.hpp
-- Installing: /home/ss/uvms/uvms3_hal/install/hal/include/hal/hal/srv/detail/hal_thrustercontrol_srv__type_support.cpp
-- Installing: /home/ss/uvms/uvms3_hal/install/hal/include/hal/hal/srv/detail/hal_servocontrol_srv__type_support.cpp
-- Up-to-date: /home/ss/uvms/uvms3_hal/install/hal/include/hal/hal/msg
-- Up-to-date: /home/ss/uvms/uvms3_hal/install/hal/include/hal/hal/msg/detail
-- Installing: /home/ss/uvms/uvms3_hal/install/hal/include/hal/hal/msg/detail/hal_wingservo_msg__rosidl_typesupport_introspection_cpp.hpp
-- Installing: /home/ss/uvms/uvms3_hal/install/hal/include/hal/hal/msg/detail/hal_auxithruster_msg__rosidl_typesupport_introspection_cpp.hpp
-- Installing: /home/ss/uvms/uvms3_hal/install/hal/include/hal/hal/msg/detail/hal_battery_msg__rosidl_typesupport_introspection_cpp.hpp
-- Installing: /home/ss/uvms/uvms3_hal/install/hal/include/hal/hal/msg/detail/hal_mainthruster_msg__type_support.cpp
-- Installing: /home/ss/uvms/uvms3_hal/install/hal/include/hal/hal/msg/detail/hal_mainthruster_msg__rosidl_typesupport_introspection_cpp.hpp
-- Installing: /home/ss/uvms/uvms3_hal/install/hal/include/hal/hal/msg/detail/hal_battery_msg__type_support.cpp
-- Installing: /home/ss/uvms/uvms3_hal/install/hal/include/hal/hal/msg/detail/hal_tailservo_msg__type_support.cpp
-- Installing: /home/ss/uvms/uvms3_hal/install/hal/include/hal/hal/msg/detail/hal_wingservo_msg__type_support.cpp
-- Installing: /home/ss/uvms/uvms3_hal/install/hal/include/hal/hal/msg/detail/hal_auxithruster_msg__type_support.cpp
-- Installing: /home/ss/uvms/uvms3_hal/install/hal/include/hal/hal/msg/detail/hal_tailservo_msg__rosidl_typesupport_introspection_cpp.hpp
-- Installing: /home/ss/uvms/uvms3_hal/install/hal/lib/libhal__rosidl_typesupport_introspection_cpp.so
-- Set runtime path of "/home/ss/uvms/uvms3_hal/install/hal/lib/libhal__rosidl_typesupport_introspection_cpp.so" to ""
-- Installing: /home/ss/uvms/uvms3_hal/install/hal/lib/libhal__rosidl_typesupport_cpp.so
-- Set runtime path of "/home/ss/uvms/uvms3_hal/install/hal/lib/libhal__rosidl_typesupport_cpp.so" to ""
-- Installing: /home/ss/uvms/uvms3_hal/install/hal/share/hal/environment/pythonpath.sh
-- Installing: /home/ss/uvms/uvms3_hal/install/hal/share/hal/environment/pythonpath.dsv
-- Installing: /home/ss/uvms/uvms3_hal/install/hal/local/lib/python3.10/dist-packages/hal-0.0.1-py3.10.egg-info
-- Installing: /home/ss/uvms/uvms3_hal/install/hal/local/lib/python3.10/dist-packages/hal-0.0.1-py3.10.egg-info/PKG-INFO
-- Installing: /home/ss/uvms/uvms3_hal/install/hal/local/lib/python3.10/dist-packages/hal-0.0.1-py3.10.egg-info/SOURCES.txt
-- Installing: /home/ss/uvms/uvms3_hal/install/hal/local/lib/python3.10/dist-packages/hal-0.0.1-py3.10.egg-info/top_level.txt
-- Installing: /home/ss/uvms/uvms3_hal/install/hal/local/lib/python3.10/dist-packages/hal-0.0.1-py3.10.egg-info/dependency_links.txt
-- Installing: /home/ss/uvms/uvms3_hal/install/hal/local/lib/python3.10/dist-packages/hal
-- Installing: /home/ss/uvms/uvms3_hal/install/hal/local/lib/python3.10/dist-packages/hal/srv
-- Installing: /home/ss/uvms/uvms3_hal/install/hal/local/lib/python3.10/dist-packages/hal/srv/_hal_thrustercontrol_srv.py
-- Installing: /home/ss/uvms/uvms3_hal/install/hal/local/lib/python3.10/dist-packages/hal/srv/_hal_servocontrol_srv_s.c
-- Installing: /home/ss/uvms/uvms3_hal/install/hal/local/lib/python3.10/dist-packages/hal/srv/_hal_thrustercontrol_srv_s.c
-- Installing: /home/ss/uvms/uvms3_hal/install/hal/local/lib/python3.10/dist-packages/hal/srv/_hal_battery_control_srv.py
-- Installing: /home/ss/uvms/uvms3_hal/install/hal/local/lib/python3.10/dist-packages/hal/srv/_hal_servocontrol_srv.py
-- Installing: /home/ss/uvms/uvms3_hal/install/hal/local/lib/python3.10/dist-packages/hal/srv/_hal_battery_control_srv_s.c
-- Installing: /home/ss/uvms/uvms3_hal/install/hal/local/lib/python3.10/dist-packages/hal/srv/__init__.py
-- Installing: /home/ss/uvms/uvms3_hal/install/hal/local/lib/python3.10/dist-packages/hal/libhal__rosidl_generator_py.so
-- Installing: /home/ss/uvms/uvms3_hal/install/hal/local/lib/python3.10/dist-packages/hal/_hal_s.ep.rosidl_typesupport_c.c
-- Installing: /home/ss/uvms/uvms3_hal/install/hal/local/lib/python3.10/dist-packages/hal/_hal_s.ep.rosidl_typesupport_fastrtps_c.c
-- Installing: /home/ss/uvms/uvms3_hal/install/hal/local/lib/python3.10/dist-packages/hal/hal_s__rosidl_typesupport_fastrtps_c.cpython-310-x86_64-linux-gnu.so
-- Installing: /home/ss/uvms/uvms3_hal/install/hal/local/lib/python3.10/dist-packages/hal/hal_s__rosidl_typesupport_introspection_c.cpython-310-x86_64-linux-gnu.so
-- Installing: /home/ss/uvms/uvms3_hal/install/hal/local/lib/python3.10/dist-packages/hal/__init__.py
-- Installing: /home/ss/uvms/uvms3_hal/install/hal/local/lib/python3.10/dist-packages/hal/hal_s__rosidl_typesupport_c.cpython-310-x86_64-linux-gnu.so
-- Installing: /home/ss/uvms/uvms3_hal/install/hal/local/lib/python3.10/dist-packages/hal/_hal_s.ep.rosidl_typesupport_introspection_c.c
-- Installing: /home/ss/uvms/uvms3_hal/install/hal/local/lib/python3.10/dist-packages/hal/msg
-- Installing: /home/ss/uvms/uvms3_hal/install/hal/local/lib/python3.10/dist-packages/hal/msg/_hal_tailservo_msg.py
-- Installing: /home/ss/uvms/uvms3_hal/install/hal/local/lib/python3.10/dist-packages/hal/msg/_hal_battery_msg_s.c
-- Installing: /home/ss/uvms/uvms3_hal/install/hal/local/lib/python3.10/dist-packages/hal/msg/_hal_battery_msg.py
-- Installing: /home/ss/uvms/uvms3_hal/install/hal/local/lib/python3.10/dist-packages/hal/msg/_hal_wingservo_msg.py
-- Installing: /home/ss/uvms/uvms3_hal/install/hal/local/lib/python3.10/dist-packages/hal/msg/_hal_auxithruster_msg_s.c
-- Installing: /home/ss/uvms/uvms3_hal/install/hal/local/lib/python3.10/dist-packages/hal/msg/_hal_mainthruster_msg_s.c
-- Installing: /home/ss/uvms/uvms3_hal/install/hal/local/lib/python3.10/dist-packages/hal/msg/_hal_tailservo_msg_s.c
-- Installing: /home/ss/uvms/uvms3_hal/install/hal/local/lib/python3.10/dist-packages/hal/msg/_hal_mainthruster_msg.py
-- Installing: /home/ss/uvms/uvms3_hal/install/hal/local/lib/python3.10/dist-packages/hal/msg/_hal_wingservo_msg_s.c
-- Installing: /home/ss/uvms/uvms3_hal/install/hal/local/lib/python3.10/dist-packages/hal/msg/__init__.py
-- Installing: /home/ss/uvms/uvms3_hal/install/hal/local/lib/python3.10/dist-packages/hal/msg/_hal_auxithruster_msg.py
Listing '/home/ss/uvms/uvms3_hal/install/hal/local/lib/python3.10/dist-packages/hal'...
Compiling '/home/ss/uvms/uvms3_hal/install/hal/local/lib/python3.10/dist-packages/hal/__init__.py'...
Listing '/home/ss/uvms/uvms3_hal/install/hal/local/lib/python3.10/dist-packages/hal/msg'...
Compiling '/home/ss/uvms/uvms3_hal/install/hal/local/lib/python3.10/dist-packages/hal/msg/__init__.py'...
Compiling '/home/ss/uvms/uvms3_hal/install/hal/local/lib/python3.10/dist-packages/hal/msg/_hal_auxithruster_msg.py'...
Compiling '/home/ss/uvms/uvms3_hal/install/hal/local/lib/python3.10/dist-packages/hal/msg/_hal_battery_msg.py'...
Compiling '/home/ss/uvms/uvms3_hal/install/hal/local/lib/python3.10/dist-packages/hal/msg/_hal_mainthruster_msg.py'...
Compiling '/home/ss/uvms/uvms3_hal/install/hal/local/lib/python3.10/dist-packages/hal/msg/_hal_tailservo_msg.py'...
Compiling '/home/ss/uvms/uvms3_hal/install/hal/local/lib/python3.10/dist-packages/hal/msg/_hal_wingservo_msg.py'...
Listing '/home/ss/uvms/uvms3_hal/install/hal/local/lib/python3.10/dist-packages/hal/srv'...
Compiling '/home/ss/uvms/uvms3_hal/install/hal/local/lib/python3.10/dist-packages/hal/srv/__init__.py'...
Compiling '/home/ss/uvms/uvms3_hal/install/hal/local/lib/python3.10/dist-packages/hal/srv/_hal_battery_control_srv.py'...
Compiling '/home/ss/uvms/uvms3_hal/install/hal/local/lib/python3.10/dist-packages/hal/srv/_hal_servocontrol_srv.py'...
Compiling '/home/ss/uvms/uvms3_hal/install/hal/local/lib/python3.10/dist-packages/hal/srv/_hal_thrustercontrol_srv.py'...
-- Installing: /home/ss/uvms/uvms3_hal/install/hal/local/lib/python3.10/dist-packages/hal/hal_s__rosidl_typesupport_fastrtps_c.cpython-310-x86_64-linux-gnu.so
-- Set runtime path of "/home/ss/uvms/uvms3_hal/install/hal/local/lib/python3.10/dist-packages/hal/hal_s__rosidl_typesupport_fastrtps_c.cpython-310-x86_64-linux-gnu.so" to ""
-- Installing: /home/ss/uvms/uvms3_hal/install/hal/local/lib/python3.10/dist-packages/hal/hal_s__rosidl_typesupport_introspection_c.cpython-310-x86_64-linux-gnu.so
-- Set runtime path of "/home/ss/uvms/uvms3_hal/install/hal/local/lib/python3.10/dist-packages/hal/hal_s__rosidl_typesupport_introspection_c.cpython-310-x86_64-linux-gnu.so" to ""
-- Installing: /home/ss/uvms/uvms3_hal/install/hal/local/lib/python3.10/dist-packages/hal/hal_s__rosidl_typesupport_c.cpython-310-x86_64-linux-gnu.so
-- Set runtime path of "/home/ss/uvms/uvms3_hal/install/hal/local/lib/python3.10/dist-packages/hal/hal_s__rosidl_typesupport_c.cpython-310-x86_64-linux-gnu.so" to ""
-- Installing: /home/ss/uvms/uvms3_hal/install/hal/lib/libhal__rosidl_generator_py.so
-- Set runtime path of "/home/ss/uvms/uvms3_hal/install/hal/lib/libhal__rosidl_generator_py.so" to ""
-- Installing: /home/ss/uvms/uvms3_hal/install/hal/share/hal/msg/HalTailservoMsg.idl
-- Installing: /home/ss/uvms/uvms3_hal/install/hal/share/hal/msg/HalWingservoMsg.idl
-- Installing: /home/ss/uvms/uvms3_hal/install/hal/share/hal/msg/HalMainthrusterMsg.idl
-- Installing: /home/ss/uvms/uvms3_hal/install/hal/share/hal/msg/HalAuxithrusterMsg.idl
-- Installing: /home/ss/uvms/uvms3_hal/install/hal/share/hal/srv/HalServocontrolSrv.idl
-- Installing: /home/ss/uvms/uvms3_hal/install/hal/share/hal/srv/HalThrustercontrolSrv.idl
-- Installing: /home/ss/uvms/uvms3_hal/install/hal/share/hal/msg/HalBatteryMsg.idl
-- Installing: /home/ss/uvms/uvms3_hal/install/hal/share/hal/srv/HalBatteryControlSrv.idl
-- Installing: /home/ss/uvms/uvms3_hal/install/hal/share/hal/msg/HalTailservoMsg.msg
-- Installing: /home/ss/uvms/uvms3_hal/install/hal/share/hal/msg/HalWingservoMsg.msg
-- Installing: /home/ss/uvms/uvms3_hal/install/hal/share/hal/msg/HalMainthrusterMsg.msg
-- Installing: /home/ss/uvms/uvms3_hal/install/hal/share/hal/msg/HalAuxithrusterMsg.msg
-- Installing: /home/ss/uvms/uvms3_hal/install/hal/share/hal/srv/HalServocontrolSrv.srv
-- Installing: /home/ss/uvms/uvms3_hal/install/hal/share/hal/srv/HalServocontrolSrv_Request.msg
-- Installing: /home/ss/uvms/uvms3_hal/install/hal/share/hal/srv/HalServocontrolSrv_Response.msg
-- Installing: /home/ss/uvms/uvms3_hal/install/hal/share/hal/srv/HalThrustercontrolSrv.srv
-- Installing: /home/ss/uvms/uvms3_hal/install/hal/share/hal/srv/HalThrustercontrolSrv_Request.msg
-- Installing: /home/ss/uvms/uvms3_hal/install/hal/share/hal/srv/HalThrustercontrolSrv_Response.msg
-- Installing: /home/ss/uvms/uvms3_hal/install/hal/share/hal/msg/HalBatteryMsg.msg
-- Installing: /home/ss/uvms/uvms3_hal/install/hal/share/hal/srv/HalBatteryControlSrv.srv
-- Installing: /home/ss/uvms/uvms3_hal/install/hal/share/hal/srv/HalBatteryControlSrv_Request.msg
-- Installing: /home/ss/uvms/uvms3_hal/install/hal/share/hal/srv/HalBatteryControlSrv_Response.msg
-- Installing: /home/ss/uvms/uvms3_hal/install/hal/lib/hal/hal_battery_node
-- Set runtime path of "/home/ss/uvms/uvms3_hal/install/hal/lib/hal/hal_battery_node" to ""
-- Installing: /home/ss/uvms/uvms3_hal/install/hal/lib/hal/hal_antennacontrol_node
-- Set runtime path of "/home/ss/uvms/uvms3_hal/install/hal/lib/hal/hal_antennacontrol_node" to ""
-- Installing: /home/ss/uvms/uvms3_hal/install/hal/lib/hal/hal_lightcontrol_node
-- Set runtime path of "/home/ss/uvms/uvms3_hal/install/hal/lib/hal/hal_lightcontrol_node" to ""
-- Installing: /home/ss/uvms/uvms3_hal/install/hal/lib/hal/hal_servo_node
-- Set runtime path of "/home/ss/uvms/uvms3_hal/install/hal/lib/hal/hal_servo_node" to ""
-- Installing: /home/ss/uvms/uvms3_hal/install/hal/lib/hal/hal_thruster_node
-- Set runtime path of "/home/ss/uvms/uvms3_hal/install/hal/lib/hal/hal_thruster_node" to ""
-- Installing: /home/ss/uvms/uvms3_hal/install/hal/lib/hal/hal_manipulator_node
-- Set runtime path of "/home/ss/uvms/uvms3_hal/install/hal/lib/hal/hal_manipulator_node" to ""
-- Installing: /home/ss/uvms/uvms3_hal/install/hal/share/hal//launch
-- Installing: /home/ss/uvms/uvms3_hal/install/hal/share/hal//launch/hal_manipulator.launch.py
-- Installing: /home/ss/uvms/uvms3_hal/install/hal/share/hal//launch/power_hal.launch.py
-- Up-to-date: /home/ss/uvms/uvms3_hal/install/hal/include/
-- Installing: /home/ss/uvms/uvms3_hal/install/hal/include//manipulator_hal
-- Installing: /home/ss/uvms/uvms3_hal/install/hal/include//manipulator_hal/can_driver.hpp
-- Installing: /home/ss/uvms/uvms3_hal/install/hal/include//manipulator_hal/safety_manager.hpp
-- Installing: /home/ss/uvms/uvms3_hal/install/hal/include//manipulator_hal/manipulator_lifecycle_node.hpp
-- Installing: /home/ss/uvms/uvms3_hal/install/hal/include//manipulator_hal/protocol_parser.hpp
-- Installing: /home/ss/uvms/uvms3_hal/install/hal/include//power_hal
-- Installing: /home/ss/uvms/uvms3_hal/install/hal/include//power_hal/can_interface.hpp
-- Installing: /home/ss/uvms/uvms3_hal/install/hal/share/hal//config
-- Installing: /home/ss/uvms/uvms3_hal/install/hal/share/hal//config/left_arm.yaml
-- Installing: /home/ss/uvms/uvms3_hal/install/hal/share/hal//config/right_arm.yaml
-- Installing: /home/ss/uvms/uvms3_hal/install/hal/share/ament_index/resource_index/package_run_dependencies/hal
-- Installing: /home/ss/uvms/uvms3_hal/install/hal/share/ament_index/resource_index/parent_prefix_path/hal
-- Installing: /home/ss/uvms/uvms3_hal/install/hal/share/hal/environment/ament_prefix_path.sh
-- Installing: /home/ss/uvms/uvms3_hal/install/hal/share/hal/environment/ament_prefix_path.dsv
-- Installing: /home/ss/uvms/uvms3_hal/install/hal/share/hal/environment/path.sh
-- Installing: /home/ss/uvms/uvms3_hal/install/hal/share/hal/environment/path.dsv
-- Installing: /home/ss/uvms/uvms3_hal/install/hal/share/hal/local_setup.bash
-- Installing: /home/ss/uvms/uvms3_hal/install/hal/share/hal/local_setup.sh
-- Installing: /home/ss/uvms/uvms3_hal/install/hal/share/hal/local_setup.zsh
-- Installing: /home/ss/uvms/uvms3_hal/install/hal/share/hal/local_setup.dsv
-- Installing: /home/ss/uvms/uvms3_hal/install/hal/share/hal/package.dsv
-- Installing: /home/ss/uvms/uvms3_hal/install/hal/share/ament_index/resource_index/packages/hal
-- Installing: /home/ss/uvms/uvms3_hal/install/hal/share/hal/cmake/export_hal__rosidl_generator_cExport.cmake
-- Installing: /home/ss/uvms/uvms3_hal/install/hal/share/hal/cmake/export_hal__rosidl_generator_cExport-noconfig.cmake
-- Installing: /home/ss/uvms/uvms3_hal/install/hal/share/hal/cmake/export_hal__rosidl_typesupport_fastrtps_cExport.cmake
-- Installing: /home/ss/uvms/uvms3_hal/install/hal/share/hal/cmake/export_hal__rosidl_typesupport_fastrtps_cExport-noconfig.cmake
-- Installing: /home/ss/uvms/uvms3_hal/install/hal/share/hal/cmake/export_hal__rosidl_generator_cppExport.cmake
-- Installing: /home/ss/uvms/uvms3_hal/install/hal/share/hal/cmake/export_hal__rosidl_typesupport_fastrtps_cppExport.cmake
-- Installing: /home/ss/uvms/uvms3_hal/install/hal/share/hal/cmake/export_hal__rosidl_typesupport_fastrtps_cppExport-noconfig.cmake
-- Installing: /home/ss/uvms/uvms3_hal/install/hal/share/hal/cmake/hal__rosidl_typesupport_introspection_cExport.cmake
-- Installing: /home/ss/uvms/uvms3_hal/install/hal/share/hal/cmake/hal__rosidl_typesupport_introspection_cExport-noconfig.cmake
-- Installing: /home/ss/uvms/uvms3_hal/install/hal/share/hal/cmake/hal__rosidl_typesupport_cExport.cmake
-- Installing: /home/ss/uvms/uvms3_hal/install/hal/share/hal/cmake/hal__rosidl_typesupport_cExport-noconfig.cmake
-- Installing: /home/ss/uvms/uvms3_hal/install/hal/share/hal/cmake/hal__rosidl_typesupport_introspection_cppExport.cmake
-- Installing: /home/ss/uvms/uvms3_hal/install/hal/share/hal/cmake/hal__rosidl_typesupport_introspection_cppExport-noconfig.cmake
-- Installing: /home/ss/uvms/uvms3_hal/install/hal/share/hal/cmake/hal__rosidl_typesupport_cppExport.cmake
-- Installing: /home/ss/uvms/uvms3_hal/install/hal/share/hal/cmake/hal__rosidl_typesupport_cppExport-noconfig.cmake
-- Installing: /home/ss/uvms/uvms3_hal/install/hal/share/hal/cmake/export_hal__rosidl_generator_pyExport.cmake
-- Installing: /home/ss/uvms/uvms3_hal/install/hal/share/hal/cmake/export_hal__rosidl_generator_pyExport-noconfig.cmake
-- Installing: /home/ss/uvms/uvms3_hal/install/hal/share/hal/cmake/rosidl_cmake-extras.cmake
-- Installing: /home/ss/uvms/uvms3_hal/install/hal/share/hal/cmake/ament_cmake_export_dependencies-extras.cmake
-- Installing: /home/ss/uvms/uvms3_hal/install/hal/share/hal/cmake/ament_cmake_export_include_directories-extras.cmake
-- Installing: /home/ss/uvms/uvms3_hal/install/hal/share/hal/cmake/ament_cmake_export_libraries-extras.cmake
-- Installing: /home/ss/uvms/uvms3_hal/install/hal/share/hal/cmake/ament_cmake_export_targets-extras.cmake
-- Installing: /home/ss/uvms/uvms3_hal/install/hal/share/hal/cmake/rosidl_cmake_export_typesupport_targets-extras.cmake
-- Installing: /home/ss/uvms/uvms3_hal/install/hal/share/hal/cmake/rosidl_cmake_export_typesupport_libraries-extras.cmake
-- Installing: /home/ss/uvms/uvms3_hal/install/hal/share/hal/cmake/halConfig.cmake
-- Installing: /home/ss/uvms/uvms3_hal/install/hal/share/hal/cmake/halConfig-version.cmake
-- Installing: /home/ss/uvms/uvms3_hal/install/hal/share/hal/package.xml
